Archive member included to satisfy reference by file (symbol)

C:/devkitPro/libnds/lib\libfat.a(libfat.o)
                              main.o (fatInitDefault)
C:/devkitPro/libnds/lib\libfat.a(disc.o)
                              C:/devkitPro/libnds/lib\libfat.a(libfat.o) (_FAT_disc_interfaces)
C:/devkitPro/libnds/lib\libfat.a(fatfile.o)
                              C:/devkitPro/libnds/lib\libfat.a(libfat.o) (_FAT_open_r)
C:/devkitPro/libnds/lib\libfat.a(cache.o)
                              C:/devkitPro/libnds/lib\libfat.a(fatfile.o) (_FAT_cache_readSectors)
C:/devkitPro/libnds/lib\libfat.a(fatdir.o)
                              C:/devkitPro/libnds/lib\libfat.a(libfat.o) (_FAT_stat_r)
C:/devkitPro/libnds/lib\libfat.a(directory.o)
                              C:/devkitPro/libnds/lib\libfat.a(fatfile.o) (_FAT_directory_entryGetCluster)
C:/devkitPro/libnds/lib\libfat.a(partition.o)
                              C:/devkitPro/libnds/lib\libfat.a(libfat.o) (_FAT_partition_constructor)
C:/devkitPro/libnds/lib\libfat.a(lock.o)
                              C:/devkitPro/libnds/lib\libfat.a(partition.o) (_FAT_lock_init)
C:/devkitPro/libnds/lib\libfat.a(filetime.o)
                              C:/devkitPro/libnds/lib\libfat.a(fatfile.o) (_FAT_filetime_getTimeFromRTC)
C:/devkitPro/libnds/lib\libfat.a(file_allocation_table.o)
                              C:/devkitPro/libnds/lib\libfat.a(fatfile.o) (_FAT_fat_nextCluster)
C:/devkitPro/libnds/lib\libnds9.a(console.o)
                              main.o (consoleDemoInit)
C:/devkitPro/libnds/lib\libnds9.a(keys.o)
                              main.o (scanKeys)
C:/devkitPro/libnds/lib\libnds9.a(dldi.o)
                              C:/devkitPro/libnds/lib\libfat.a(disc.o) (dldiGetInternal)
C:/devkitPro/libnds/lib\libnds9.a(initSystem.o)
                              c:/devkitpro/devkitarm/bin/../lib/gcc/arm-none-eabi/9.1.0/../../../../arm-none-eabi/lib/thumb/ds_arm9_crt0.o (initSystem)
C:/devkitPro/libnds/lib\libnds9.a(timeSupport.o)
                              C:/devkitPro/libnds/lib\libnds9.a(initSystem.o) (__libnds_gtod)
C:/devkitPro/libnds/lib\libnds9.a(securearea.o)
                              c:/devkitpro/devkitarm/bin/../lib/gcc/arm-none-eabi/9.1.0/../../../../arm-none-eabi/lib/thumb/ds_arm9_crt0.o (__secure_area__)
C:/devkitPro/libnds/lib\libnds9.a(interrupts.o)
                              C:/devkitPro/libnds/lib\libnds9.a(initSystem.o) (irqInit)
C:/devkitPro/libnds/lib\libnds9.a(libnds_exit.arm.o)
                              c:/devkitpro/devkitarm/bin/../lib/gcc/arm-none-eabi/9.1.0/../../../../arm-none-eabi/lib/thumb/ds_arm9_crt0.o (__libnds_exit)
C:/devkitPro/libnds/lib\libnds9.a(fifosystem.o)
                              C:/devkitPro/libnds/lib\libnds9.a(initSystem.o) (fifoSetValue32Handler)
C:/devkitPro/libnds/lib\libnds9.a(dldi_stub.o)
                              C:/devkitPro/libnds/lib\libnds9.a(dldi.o) (_io_dldi_stub)
C:/devkitPro/libnds/lib\libnds9.a(mpu_setup.o)
                              c:/devkitpro/devkitarm/bin/../lib/gcc/arm-none-eabi/9.1.0/../../../../arm-none-eabi/lib/thumb/ds_arm9_crt0.o (__libnds_mpu_setup)
C:/devkitPro/libnds/lib\libnds9.a(IntrWait.o)
                              main.o (swiWaitForVBlank)
C:/devkitPro/libnds/lib\libnds9.a(cpu_clock.o)
                              C:/devkitPro/libnds/lib\libnds9.a(initSystem.o) (setCpuClock)
C:/devkitPro/libnds/lib\libnds9.a(interruptDispatcher.o)
                              C:/devkitPro/libnds/lib\libnds9.a(interrupts.o) (IntrMain)
C:/devkitPro/libnds/lib\libnds9.a(debugprint.o)
                              C:/devkitPro/libnds/lib\libnds9.a(console.o) (nocashWrite)
C:/devkitPro/libnds/lib\libnds9.a(swiSoftReset.o)
                              C:/devkitPro/libnds/lib\libnds9.a(fifosystem.o) (swiSoftReset)
C:/devkitPro/libnds/lib\libnds9.a(default_font.bin.o)
                              C:/devkitPro/libnds/lib\libnds9.a(console.o) (default_font_bin)
C:/devkitPro/libnds/lib\libnds9.a(background.o)
                              C:/devkitPro/libnds/lib\libnds9.a(console.o) (bgState)
C:/devkitPro/libnds/lib\libnds9.a(video.o)
                              C:/devkitPro/libnds/lib\libnds9.a(initSystem.o) (vramDefault)
C:/devkitPro/libnds/lib\libnds9.a(system.o)
                              C:/devkitPro/libnds/lib\libnds9.a(initSystem.o) (systemValueHandler)
C:/devkitPro/libnds/lib\libnds9.a(trig.o)
                              C:/devkitPro/libnds/lib\libnds9.a(background.o) (sinLerp)
C:/devkitPro/libnds/lib\libnds9.a(sd.twl.o)
                              C:/devkitPro/libnds/lib\libnds9.a(dldi.o) (__io_dsisd)
C:/devkitPro/libnds/lib\libnds9.a(dcache.o)
                              C:/devkitPro/libnds/lib\libnds9.a(sd.twl.o) (DC_FlushRange)
C:/devkitPro/libnds/lib\libnds9.a(biosCalls.o)
                              C:/devkitPro/libnds/lib\libnds9.a(system.o) (swiDelay)
[...]
Memory Configuration

Name             Origin             Length             Attributes
ewram            0x0000000002000000 0x0000000000380000
dtcm             0x000000000b000000 0x0000000000004000
vectors          0x0000000001000000 0x0000000000000100
itcm             0x0000000001000100 0x0000000000007f00
*default*        0x0000000000000000 0xffffffffffffffff

Linker script and memory map

                0x0000000002380000                __ewram_end = (ORIGIN (ewram) + LENGTH (ewram))
                0x0000000002380000                __eheap_end = (ORIGIN (ewram) + LENGTH (ewram))
                0x000000000b004000                __dtcm_top = (ORIGIN (dtcm) + LENGTH (dtcm))
                0x000000000b003ff8                __irq_flags = (__dtcm_top - 0x8)
                0x000000000b003ffc                __irq_vector = (__dtcm_top - 0x4)
                0x000000000b003f00                __sp_svc = (__dtcm_top - 0x100)
                0x000000000b003e00                __sp_irq = (__sp_svc - 0x100)
                0x000000000b003d00                __sp_usr = (__sp_irq - 0x100)

.secure         0x0000000002000000      0x800
 *(.secure)
 .secure        0x0000000002000000      0x800 C:/devkitPro/libnds/lib\libnds9.a(securearea.o)
                0x0000000002000000                __secure_area__

.crt0           0x0000000002000800      0x300
                0x0000000002000800                __text_start = .
 *(.crt0)
 .crt0          0x0000000002000800      0x300 c:/devkitpro/devkitarm/bin/../lib/gcc/arm-none-eabi/9.1.0/../../../../arm-none-eabi/lib/thumb/ds_arm9_crt0.o
                0x0000000002000800                _start
                0x0000000002000b00                . = ALIGN (0x4)

.plt
 *(.plt)

.init           0x0000000002000b00        0xc
 *(SORT_NONE(.init))
 .init          0x0000000002000b00        0x4 c:/devkitpro/devkitarm/bin/../lib/gcc/arm-none-eabi/9.1.0/thumb/crti.o
                0x0000000002000b00                _init
 .init          0x0000000002000b04        0x8 c:/devkitpro/devkitarm/bin/../lib/gcc/arm-none-eabi/9.1.0/thumb/crtn.o

.text           0x0000000002000b40    0x28f48
 *(EXCLUDE_FILE(*.twl* *.vectors* *.itcm*) .text)
 .text          0x0000000002000b40      0x358 main.o
                0x0000000002000b98                exist(std::__cxx11::basic_string<char, std::char_traits<char>, std::allocator<char> >)
                0x0000000002000c14                load(std::__cxx11::basic_string<char, std::char_traits<char>, std::allocator<char> >, knickknack_compiler_feeder*)
 .text          0x0000000002000e98      0xac8 api.o
                0x0000000002000e98                knickknack_internal_fatal_error()
                0x0000000002000efc                knickknack_init()
                0x0000000002000f0c                knickknack_init_random()
                0x0000000002000f1c                knickknack_internal_release_script(knickknack_binary*)
                0x0000000002000f28                knickknack_get_data_from_capsule(void (*)(void*), knickknack_object*)
                0x0000000002000f4c                knickknack_get_string_from_object[abi:cxx11](knickknack_object*)
                0x0000000002000f60                knickknack_get_readonly_string_from_object[abi:cxx11](knickknack_object*)
                0x0000000002000f78                knickknack_script_exists(std::__cxx11::basic_string<char, std::char_traits<char>, std::allocator<char> >)
                0x00000000020011c4                knickknack_internal_acquire_script(std::__cxx11::basic_string<char, std::char_traits<char>, std::allocator<char> >)
                0x000000000200148c                knickknack_entry_point_exists(std::__cxx11::basic_string<char, std::char_traits<char>, std::allocator<char> >, std::__cxx11::basic_string<char, std::char_traits<char>, std::allocator<char> >)
                0x00000000020015c0                knickknack_call(std::__cxx11::basic_string<char, std::char_traits<char>, std::allocator<char> >, std::__cxx11::basic_string<char, std::char_traits<char>, std::allocator<char> >)
                0x0000000002001668                knickknack_call1(std::__cxx11::basic_string<char, std::char_traits<char>, std::allocator<char> >, std::__cxx11::basic_string<char, std::char_traits<char>, std::allocator<char> >, void*)
                0x0000000002001720                knickknack_call2(std::__cxx11::basic_string<char, std::char_traits<char>, std::allocator<char> >, std::__cxx11::basic_string<char, std::char_traits<char>, std::allocator<char> >, void*, void*)
                0x00000000020017e0                knickknack_call3(std::__cxx11::basic_string<char, std::char_traits<char>, std::allocator<char> >, std::__cxx11::basic_string<char, std::char_traits<char>, std::allocator<char> >, void*, void*, void*)
                0x00000000020018a4                knickknack_new_capsule(void (*)(void*), void*)
 .text          0x0000000002001960     0x13b4 std.o
                0x0000000002001960                knickknack_std_getchar()
                0x0000000002001968                knickknack_std_now()
                0x0000000002001974                knickknack_std_randint(int, int)
                0x000000000200198c                knickknack_std_print(knickknack_object*)
                0x00000000020019a8                knickknack_std_size(knickknack_object*)
                0x00000000020019d8                knickknack_std_builtin_exists(knickknack_object*)
                0x0000000002001a54                knickknack_std_remove(knickknack_object*, void*)
                0x0000000002001bd0                knickknack_std_exists(knickknack_object*, void*)
                0x0000000002001c6c                knickknack_std_kind(knickknack_object*)
                0x0000000002001dc0                knickknack_std_fatal_error(knickknack_object*)
                0x0000000002001e2c                knickknack_std_script_exists(knickknack_object*)
                0x0000000002001eac                knickknack_std_entry_point_exists(knickknack_object*, knickknack_object*)
                0x0000000002001f9c                knickknack_std_call(knickknack_object*, knickknack_object*)
                0x000000000200208c                knickknack_std_call1(knickknack_object*, knickknack_object*, void*)
                0x000000000200218c                knickknack_std_call2(knickknack_object*, knickknack_object*, void*, void*)
                0x0000000002002298                knickknack_std_call3(knickknack_object*, knickknack_object*, void*, void*, void*)
                0x00000000020023a8                knickknack_internal_unbox_primitives(knickknack_object*)
                0x00000000020023b4                knickknack_internal_destroy_shallow(knickknack_object*)
                0x00000000020023fc                knickknack_std_append(knickknack_object*, knickknack_object*)
                0x0000000002002440                knickknack_std_set(knickknack_object*, void*, knickknack_object*)
                0x0000000002002464                knickknack_std_get(knickknack_object*, void*)
                0x00000000020024a8                knickknack_std_equal(knickknack_object*, knickknack_object*)
                0x0000000002002640                knickknack_internal_new_boxed_primitive(void*)
                0x000000000200266c                knickknack_std_new_string()
                0x00000000020026bc                knickknack_std_new_list()
                0x0000000002002708                knickknack_std_new_dict()
                0x0000000002002764                knickknack_std_append_primitive(knickknack_object*, void*)
                0x000000000200281c                knickknack_std_set_primitive(knickknack_object*, void*, void*)
                0x0000000002002880                knickknack_std_for_each(knickknack_object*, knickknack_object*, knickknack_object*)
                0x00000000020029d0                knickknack_std_platform()
                0x0000000002002a4c                knickknack_std_destroy(knickknack_object*)
                0x0000000002002b20                knickknack_std_copy(knickknack_object*)
 .text          0x0000000002002d14     0x60b0 compiler.o
                0x0000000002002d14                knickknack_internal_division_wrapper(int, int)
                0x0000000002002d1c                knickknack_internal_modulo_wrapper(int, int)
                0x0000000002002f48                knickknack_internal_feed_file(std::__cxx11::basic_string<char, std::char_traits<char>, std::allocator<char> >, knickknack_compiler_feeder*)
                0x0000000002003148                knickknack_internal_compiler::knickknack_internal_compiler(std::__cxx11::basic_string<char, std::char_traits<char>, std::allocator<char> >)
                0x0000000002003148                knickknack_internal_compiler::knickknack_internal_compiler(std::__cxx11::basic_string<char, std::char_traits<char>, std::allocator<char> >)
                0x000000000200323c                knickknack_internal_compiler::begin(knickknack_binary*)
                0x00000000020032e8                knickknack_internal_compiler::fprint_token_queue()
                0x00000000020033b8                knickknack_internal_compiler::isSymbolChar(char)
                0x00000000020033d0                knickknack_internal_compiler::validate_symbol(std::__cxx11::basic_string<char, std::char_traits<char>, std::allocator<char> >)
                0x0000000002003474                knickknack_internal_compiler::write_buffer(char)
                0x00000000020034cc                knickknack_internal_compiler::write_buffer_multi(char const*)
                0x00000000020035dc                knickknack_internal_compiler::cmd_asm()
                0x00000000020035e8                knickknack_internal_compiler::arm_align_for_32_bit_value()
                0x0000000002003604                knickknack_internal_compiler::write_common_arm_load_constant_to_register_code(knickknack_internal_register)
                0x0000000002003768                knickknack_internal_compiler::arm_special_func_call(int)
                0x0000000002003914                knickknack_internal_compiler::write_int_to_buffer(int)
                0x0000000002003a04                knickknack_internal_compiler::unescape(std::__cxx11::basic_string<char, std::char_traits<char>, std::allocator<char> >)
                0x0000000002003c6c                knickknack_internal_compiler::push_register(knickknack_internal_register)
                0x0000000002003cb4                knickknack_internal_compiler::pop_to_register(knickknack_internal_register)
                0x0000000002003cfc                knickknack_internal_destroy_binary(knickknack_binary*)
                0x0000000002003d08                knickknack_internal_overwrite_address(void*, int)
                0x0000000002003d34                knickknack_internal_compiler::cmd_label()
                0x0000000002003e30                knickknack_internal_compiler::cmd_export()
                0x0000000002003e48                knickknack_internal_compiler::cmd_import()
                0x0000000002003fe8                knickknack_internal_compiler::write_string_literal_to_buffer(std::__cxx11::basic_string<char, std::char_traits<char>, std::allocator<char> >)
                0x00000000020042c0                knickknack_internal_compiler::write_symbol_address_to_buffer(std::__cxx11::basic_string<char, std::char_traits<char>, std::allocator<char> >, bool)
                0x0000000002004490                knickknack_internal_compiler::cmd_goto()
                0x000000000200456c                knickknack_internal_compiler::value_to_register(std::__cxx11::basic_string<char, std::char_traits<char>, std::allocator<char> >, knickknack_internal_register)
                0x0000000002004a00                knickknack_internal_compiler::cmd_push()
                0x0000000002004aa4                knickknack_internal_compiler::cmd_return()
                0x0000000002004b54                knickknack_internal_compiler::cmd_if()
                0x0000000002005060                knickknack_internal_compiler::register_to_value(std::__cxx11::basic_string<char, std::char_traits<char>, std::allocator<char> >, knickknack_internal_register)
                0x00000000020053cc                knickknack_internal_compiler::cmd_math()
                0x0000000002005760                knickknack_internal_compiler::cmd_call()
                0x00000000020064ec                knickknack_internal_compiler::cmd_assign()
                0x00000000020066a4                knickknack_internal_compiler::cmd_pop()
                0x00000000020067d8                knickknack_internal_compiler::cmd_func_args()
                0x0000000002006e28                knickknack_internal_compiler::process_tokens()
                0x00000000020072f8                knickknack_internal_compiler::feed_char(char)
                0x00000000020084c8                knickknack_internal_compiler::end()
                0x00000000020084f8                knickknack_internal_try_load(std::__cxx11::basic_string<char, std::char_traits<char>, std::allocator<char> >)
                0x0000000002008a30                knickknack_internal_lazy_linker_stub(void*)
 .text          0x0000000002008dc4      0x670 gc.o
                0x0000000002008f28                knickknack_internal_gc_mark_binary_in_use(knickknack_binary*)
                0x0000000002008f38                knickknack_gc_mark_in_use(knickknack_object*)
                0x0000000002009060                knickknack_std_gc()
                0x00000000020093a8                knickknack_malloc_with_gc(unsigned int)
                0x00000000020093ec                knickknack_realloc_with_gc(void*, unsigned int)
 *fill*         0x0000000002009434        0xc ff
 .text          0x0000000002009440     0x4000 C:/devkitPro/libnds/lib\libnds9.a(dldi_stub.o)
                0x0000000002009440                _io_dldi_stub
 .text          0x000000000200d440      0x11c c:/devkitpro/devkitarm/bin/../lib/gcc/arm-none-eabi/9.1.0/thumb\libgcc.a(_udivsi3.o)
                0x000000000200d440                __aeabi_uidiv
                0x000000000200d440                __udivsi3
                0x000000000200d53c                __aeabi_uidivmod
 .text          0x000000000200d55c      0x150 c:/devkitpro/devkitarm/bin/../lib/gcc/arm-none-eabi/9.1.0/thumb\libgcc.a(_divsi3.o)
                0x000000000200d55c                __divsi3
                0x000000000200d55c                __aeabi_idiv
                0x000000000200d68c                __aeabi_idivmod
 .text          0x000000000200d6ac        0x4 c:/devkitpro/devkitarm/bin/../lib/gcc/arm-none-eabi/9.1.0/thumb\libgcc.a(_dvmd_tls.o)
                0x000000000200d6ac                __aeabi_idiv0
                0x000000000200d6ac                __aeabi_ldiv0
 .text          0x000000000200d6b0      0x424 c:/devkitpro/devkitarm/bin/../lib/gcc/arm-none-eabi/9.1.0/thumb\libgcc.a(_arm_addsubdf3.o)
                0x000000000200d6b0                __aeabi_drsub
                0x000000000200d6b8                __aeabi_dsub
                0x000000000200d6b8                __subdf3
                0x000000000200d6bc                __aeabi_dadd
                0x000000000200d6bc                __adddf3
                0x000000000200d9cc                __floatunsidf
                0x000000000200d9cc                __aeabi_ui2d
                0x000000000200d9f0                __floatsidf
                0x000000000200d9f0                __aeabi_i2d
                0x000000000200da18                __aeabi_f2d
                0x000000000200da18                __extendsfdf2
                0x000000000200da60                __floatundidf
                0x000000000200da60                __aeabi_ul2d
                0x000000000200da74                __floatdidf
                0x000000000200da74                __aeabi_l2d
 .text          0x000000000200dad4      0x49c c:/devkitpro/devkitarm/bin/../lib/gcc/arm-none-eabi/9.1.0/thumb\libgcc.a(_arm_muldivdf3.o)
                0x000000000200dad4                __aeabi_dmul
                0x000000000200dad4                __muldf3
                0x000000000200dd64                __divdf3
                0x000000000200dd64                __aeabi_ddiv
 .text          0x000000000200df70      0x144 c:/devkitpro/devkitarm/bin/../lib/gcc/arm-none-eabi/9.1.0/thumb\libgcc.a(_arm_cmpdf2.o)
                0x000000000200df70                __gtdf2
                0x000000000200df70                __gedf2
                0x000000000200df78                __ltdf2
                0x000000000200df78                __ledf2
                0x000000000200df80                __nedf2
                0x000000000200df80                __eqdf2
                0x000000000200df80                __cmpdf2
                0x000000000200e008                __aeabi_cdrcmple
                0x000000000200e024                __aeabi_cdcmpeq
                0x000000000200e024                __aeabi_cdcmple
                0x000000000200e03c                __aeabi_dcmpeq
                0x000000000200e054                __aeabi_dcmplt
                0x000000000200e06c                __aeabi_dcmple
                0x000000000200e084                __aeabi_dcmpge
                0x000000000200e09c                __aeabi_dcmpgt
 .text          0x000000000200e0b4       0x54 c:/devkitpro/devkitarm/bin/../lib/gcc/arm-none-eabi/9.1.0/thumb\libgcc.a(_arm_fixunsdfsi.o)
                0x000000000200e0b4                __aeabi_d2uiz
                0x000000000200e0b4                __fixunsdfsi
 .text          0x000000000200e108       0xd4 c:/devkitpro/devkitarm/bin/../lib/gcc/arm-none-eabi/9.1.0/thumb\libgcc.a(_aeabi_ldivmod.o)
                0x000000000200e108                __aeabi_ldivmod
 .text          0x000000000200e1dc      0x1d8 c:/devkitpro/devkitarm/bin/../lib/gcc/arm-none-eabi/9.1.0/thumb\libgcc.a(libunwind.o)
                0x000000000200e1dc                __restore_core_regs
                0x000000000200e1dc                restore_core_regs
                0x000000000200e1f8                __gnu_Unwind_Restore_VFP
                0x000000000200e200                __gnu_Unwind_Save_VFP
                0x000000000200e208                __gnu_Unwind_Restore_VFP_D
                0x000000000200e210                __gnu_Unwind_Save_VFP_D
                0x000000000200e218                __gnu_Unwind_Restore_VFP_D_16_to_31
                0x000000000200e220                __gnu_Unwind_Save_VFP_D_16_to_31
                0x000000000200e228                __gnu_Unwind_Restore_WMMXD
                0x000000000200e26c                __gnu_Unwind_Save_WMMXD
                0x000000000200e2b0                __gnu_Unwind_Restore_WMMXC
                0x000000000200e2c4                __gnu_Unwind_Save_WMMXC
                0x000000000200e2d8                ___Unwind_RaiseException
                0x000000000200e2d8                _Unwind_RaiseException
                0x000000000200e304                _Unwind_Resume
                0x000000000200e304                ___Unwind_Resume
                0x000000000200e330                _Unwind_Resume_or_Rethrow
                0x000000000200e330                ___Unwind_Resume_or_Rethrow
                0x000000000200e35c                _Unwind_ForcedUnwind
                0x000000000200e35c                ___Unwind_ForcedUnwind
                0x000000000200e388                ___Unwind_Backtrace
                0x000000000200e388                _Unwind_Backtrace
 .text          0x000000000200e3b4       0x28 c:/devkitpro/devkitarm/bin/../lib/gcc/arm-none-eabi/9.1.0/thumb\libgcc.a(_clzdi2.o)
                0x000000000200e3b4                __clzdi2
 .text          0x000000000200e3dc       0x48 c:/devkitpro/devkitarm/bin/../lib/gcc/arm-none-eabi/9.1.0/thumb\libgcc.a(_clzsi2.o)
                0x000000000200e3dc                __clzsi2
 .text          0x000000000200e424      0x224 c:/devkitpro/devkitarm/bin/../lib/gcc/arm-none-eabi/9.1.0/../../../../arm-none-eabi/lib/thumb\libg.a(lib_a-strcmp.o)
                0x000000000200e424                strcmp
 .text          0x000000000200e648       0x14 c:/devkitpro/devkitarm/bin/../lib/gcc/arm-none-eabi/9.1.0/thumb\libgcc.a(_thumb1_case_uqi.o)
                0x000000000200e648                __gnu_thumb1_case_uqi
 .text          0x000000000200e65c       0x14 c:/devkitpro/devkitarm/bin/../lib/gcc/arm-none-eabi/9.1.0/thumb\libgcc.a(_thumb1_case_uhi.o)
                0x000000000200e65c                __gnu_thumb1_case_uhi
 .text          0x000000000200e670       0x38 c:/devkitpro/devkitarm/bin/../lib/gcc/arm-none-eabi/9.1.0/thumb\libgcc.a(_arm_unorddf2.o)
                0x000000000200e670                __unorddf2
                0x000000000200e670                __aeabi_dcmpun
 .text          0x000000000200e6a8       0x5c c:/devkitpro/devkitarm/bin/../lib/gcc/arm-none-eabi/9.1.0/thumb\libgcc.a(_arm_fixdfsi.o)
                0x000000000200e6a8                __aeabi_d2iz
                0x000000000200e6a8                __fixdfsi
 .text          0x000000000200e704       0x3c c:/devkitpro/devkitarm/bin/../lib/gcc/arm-none-eabi/9.1.0/thumb\libgcc.a(_aeabi_uldivmod.o)
                0x000000000200e704                __aeabi_uldivmod
 *(EXCLUDE_FILE(*.twl* *.vectors* *.itcm*) .stub)
 *(EXCLUDE_FILE(*.twl* *.vectors* *.itcm*) .text.*)
 .text.deregister_tm_clones
                0x000000000200e740       0x2c c:/devkitpro/devkitarm/bin/../lib/gcc/arm-none-eabi/9.1.0/thumb/crtbegin.o
 .text.register_tm_clones
                0x000000000200e76c       0x34 c:/devkitpro/devkitarm/bin/../lib/gcc/arm-none-eabi/9.1.0/thumb/crtbegin.o
 .text.__do_global_dtors_aux
                0x000000000200e7a0       0x30 c:/devkitpro/devkitarm/bin/../lib/gcc/arm-none-eabi/9.1.0/thumb/crtbegin.o
 .text.frame_dummy
                0x000000000200e7d0       0x28 c:/devkitpro/devkitarm/bin/../lib/gcc/arm-none-eabi/9.1.0/thumb/crtbegin.o
 .text._ZN26knickknack_compiler_feeder9feed_charEc
                0x000000000200e7f8        0x4 main.o
                0x000000000200e7f8                knickknack_compiler_feeder::feed_char(char)
 .text._ZNSt13unordered_setIcSt4hashIcESt8equal_toIcESaIcEED2Ev
                0x000000000200e7fc       0x3c main.o
                0x000000000200e7fc                std::unordered_set<char, std::hash<char>, std::equal_to<char>, std::allocator<char> >::~unordered_set()
                0x000000000200e7fc                std::unordered_set<char, std::hash<char>, std::equal_to<char>, std::allocator<char> >::~unordered_set()
 .text._ZNSt13unordered_setINSt7__cxx1112basic_stringIcSt11char_traitsIcESaIcEEESt4hashIS5_ESt8equal_toIS5_ESaIS5_EED2Ev
                0x000000000200e838       0x60 main.o
                0x000000000200e838                std::unordered_set<std::__cxx11::basic_string<char, std::char_traits<char>, std::allocator<char> >, std::hash<std::__cxx11::basic_string<char, std::char_traits<char>, std::allocator<char> > >, std::equal_to<std::__cxx11::basic_string<char, std::char_traits<char>, std::allocator<char> > >, std::allocator<std::__cxx11::basic_string<char, std::char_traits<char>, std::allocator<char> > > >::~unordered_set()
                0x000000000200e838                std::unordered_set<std::__cxx11::basic_string<char, std::char_traits<char>, std::allocator<char> >, std::hash<std::__cxx11::basic_string<char, std::char_traits<char>, std::allocator<char> > >, std::equal_to<std::__cxx11::basic_string<char, std::char_traits<char>, std::allocator<char> > >, std::allocator<std::__cxx11::basic_string<char, std::char_traits<char>, std::allocator<char> > > >::~unordered_set()
 .text._ZNSt13unordered_mapINSt7__cxx1112basic_stringIcSt11char_traitsIcESaIcEEES5_St4hashIS5_ESt8equal_toIS5_ESaISt4pairIKS5_S5_EEED2Ev
                0x000000000200e898       0x64 main.o
                0x000000000200e898                std::unordered_map<std::__cxx11::basic_string<char, std::char_traits<char>, std::allocator<char> >, std::__cxx11::basic_string<char, std::char_traits<char>, std::allocator<char> >, std::hash<std::__cxx11::basic_string<char, std::char_traits<char>, std::allocator<char> > >, std::equal_to<std::__cxx11::basic_string<char, std::char_traits<char>, std::allocator<char> > >, std::allocator<std::pair<std::__cxx11::basic_string<char, std::char_traits<char>, std::allocator<char> > const, std::__cxx11::basic_string<char, std::char_traits<char>, std::allocator<char> > > > >::~unordered_map()
                0x000000000200e898                std::unordered_map<std::__cxx11::basic_string<char, std::char_traits<char>, std::allocator<char> >, std::__cxx11::basic_string<char, std::char_traits<char>, std::allocator<char> >, std::hash<std::__cxx11::basic_string<char, std::char_traits<char>, std::allocator<char> > >, std::equal_to<std::__cxx11::basic_string<char, std::char_traits<char>, std::allocator<char> > >, std::allocator<std::pair<std::__cxx11::basic_string<char, std::char_traits<char>, std::allocator<char> > const, std::__cxx11::basic_string<char, std::char_traits<char>, std::allocator<char> > > > >::~unordered_map()
 .text.startup  0x000000000200e8fc      0x5d4 main.o
                0x000000000200e8fc                main
 .text._ZNSt10_HashtableIccSaIcENSt8__detail9_IdentityESt8equal_toIcESt4hashIcENS1_18_Mod_range_hashingENS1_20_Default_ranged_hashENS1_20_Prime_rehash_policyENS1_17_Hashtable_traitsILb0ELb1ELb1EEEEC2IPKcEET_SG_jRKS6_RKS7_RKS8_RKS4_RKS2_RKS0_
                0x000000000200eed0      0x248 main.o
                0x000000000200eed0                std::_Hashtable<char, char, std::allocator<char>, std::__detail::_Identity, std::equal_to<char>, std::hash<char>, std::__detail::_Mod_range_hashing, std::__detail::_Default_ranged_hash, std::__detail::_Prime_rehash_policy, std::__detail::_Hashtable_traits<false, true, true> >::_Hashtable<char const*>(char const*, char const*, unsigned int, std::hash<char> const&, std::__detail::_Mod_range_hashing const&, std::__detail::_Default_ranged_hash const&, std::equal_to<char> const&, std::__detail::_Identity const&, std::allocator<char> const&)
                0x000000000200eed0                std::_Hashtable<char, char, std::allocator<char>, std::__detail::_Identity, std::equal_to<char>, std::hash<char>, std::__detail::_Mod_range_hashing, std::__detail::_Default_ranged_hash, std::__detail::_Prime_rehash_policy, std::__detail::_Hashtable_traits<false, true, true> >::_Hashtable<char const*>(char const*, char const*, unsigned int, std::hash<char> const&, std::__detail::_Mod_range_hashing const&, std::__detail::_Default_ranged_hash const&, std::equal_to<char> const&, std::__detail::_Identity const&, std::allocator<char> const&)
 .text._ZNSt10_HashtableINSt7__cxx1112basic_stringIcSt11char_traitsIcESaIcEEES5_SaIS5_ENSt8__detail9_IdentityESt8equal_toIS5_ESt4hashIS5_ENS7_18_Mod_range_hashingENS7_20_Default_ranged_hashENS7_20_Prime_rehash_policyENS7_17_Hashtable_traitsILb1ELb1ELb1EEEEC2IPKS5_EET_SM_jRKSC_RKSD_RKSE_RKSA_RKS8_RKS6_
                0x000000000200f118      0x2ec main.o
                0x000000000200f118                std::_Hashtable<std::__cxx11::basic_string<char, std::char_traits<char>, std::allocator<char> >, std::__cxx11::basic_string<char, std::char_traits<char>, std::allocator<char> >, std::allocator<std::__cxx11::basic_string<char, std::char_traits<char>, std::allocator<char> > >, std::__detail::_Identity, std::equal_to<std::__cxx11::basic_string<char, std::char_traits<char>, std::allocator<char> > >, std::hash<std::__cxx11::basic_string<char, std::char_traits<char>, std::allocator<char> > >, std::__detail::_Mod_range_hashing, std::__detail::_Default_ranged_hash, std::__detail::_Prime_rehash_policy, std::__detail::_Hashtable_traits<true, true, true> >::_Hashtable<std::__cxx11::basic_string<char, std::char_traits<char>, std::allocator<char> > const*>(std::__cxx11::basic_string<char, std::char_traits<char>, std::allocator<char> > const*, std::__cxx11::basic_string<char, std::char_traits<char>, std::allocator<char> > const*, unsigned int, std::hash<std::__cxx11::basic_string<char, std::char_traits<char>, std::allocator<char> > > const&, std::__detail::_Mod_range_hashing const&, std::__detail::_Default_ranged_hash const&, std::equal_to<std::__cxx11::basic_string<char, std::char_traits<char>, std::allocator<char> > > const&, std::__detail::_Identity const&, std::allocator<std::__cxx11::basic_string<char, std::char_traits<char>, std::allocator<char> > > const&)
                0x000000000200f118                std::_Hashtable<std::__cxx11::basic_string<char, std::char_traits<char>, std::allocator<char> >, std::__cxx11::basic_string<char, std::char_traits<char>, std::allocator<char> >, std::allocator<std::__cxx11::basic_string<char, std::char_traits<char>, std::allocator<char> > >, std::__detail::_Identity, std::equal_to<std::__cxx11::basic_string<char, std::char_traits<char>, std::allocator<char> > >, std::hash<std::__cxx11::basic_string<char, std::char_traits<char>, std::allocator<char> > >, std::__detail::_Mod_range_hashing, std::__detail::_Default_ranged_hash, std::__detail::_Prime_rehash_policy, std::__detail::_Hashtable_traits<true, true, true> >::_Hashtable<std::__cxx11::basic_string<char, std::char_traits<char>, std::allocator<char> > const*>(std::__cxx11::basic_string<char, std::char_traits<char>, std::allocator<char> > const*, std::__cxx11::basic_string<char, std::char_traits<char>, std::allocator<char> > const*, unsigned int, std::hash<std::__cxx11::basic_string<char, std::char_traits<char>, std::allocator<char> > > const&, std::__detail::_Mod_range_hashing const&, std::__detail::_Default_ranged_hash const&, std::equal_to<std::__cxx11::basic_string<char, std::char_traits<char>, std::allocator<char> > > const&, std::__detail::_Identity const&, std::allocator<std::__cxx11::basic_string<char, std::char_traits<char>, std::allocator<char> > > const&)
 .text._ZNSt10_HashtableINSt7__cxx1112basic_stringIcSt11char_traitsIcESaIcEEESt4pairIKS5_S5_ESaIS8_ENSt8__detail10_Select1stESt8equal_toIS5_ESt4hashIS5_ENSA_18_Mod_range_hashingENSA_20_Default_ranged_hashENSA_20_Prime_rehash_policyENSA_17_Hashtable_traitsILb1ELb0ELb1EEEE21_M_insert_unique_nodeEjjPNSA_10_Hash_nodeIS8_Lb1EEEj
                0x000000000200f404      0x14c main.o
                0x000000000200f404                std::_Hashtable<std::__cxx11::basic_string<char, std::char_traits<char>, std::allocator<char> >, std::pair<std::__cxx11::basic_string<char, std::char_traits<char>, std::allocator<char> > const, std::__cxx11::basic_string<char, std::char_traits<char>, std::allocator<char> > >, std::allocator<std::pair<std::__cxx11::basic_string<char, std::char_traits<char>, std::allocator<char> > const, std::__cxx11::basic_string<char, std::char_traits<char>, std::allocator<char> > > >, std::__detail::_Select1st, std::equal_to<std::__cxx11::basic_string<char, std::char_traits<char>, std::allocator<char> > >, std::hash<std::__cxx11::basic_string<char, std::char_traits<char>, std::allocator<char> > >, std::__detail::_Mod_range_hashing, std::__detail::_Default_ranged_hash, std::__detail::_Prime_rehash_policy, std::__detail::_Hashtable_traits<true, false, true> >::_M_insert_unique_node(unsigned int, unsigned int, std::__detail::_Hash_node<std::pair<std::__cxx11::basic_string<char, std::char_traits<char>, std::allocator<char> > const, std::__cxx11::basic_string<char, std::char_traits<char>, std::allocator<char> > >, true>*, unsigned int)
 .text._ZNSt13unordered_mapINSt7__cxx1112basic_stringIcSt11char_traitsIcESaIcEEEP17knickknack_binarySt4hashIS5_ESt8equal_toIS5_ESaISt4pairIKS5_S7_EEED2Ev
                0x000000000200f550       0x60 api.o
                0x000000000200f550                std::unordered_map<std::__cxx11::basic_string<char, std::char_traits<char>, std::allocator<char> >, knickknack_binary*, std::hash<std::__cxx11::basic_string<char, std::char_traits<char>, std::allocator<char> > >, std::equal_to<std::__cxx11::basic_string<char, std::char_traits<char>, std::allocator<char> > >, std::allocator<std::pair<std::__cxx11::basic_string<char, std::char_traits<char>, std::allocator<char> > const, knickknack_binary*> > >::~unordered_map()
                0x000000000200f550                std::unordered_map<std::__cxx11::basic_string<char, std::char_traits<char>, std::allocator<char> >, knickknack_binary*, std::hash<std::__cxx11::basic_string<char, std::char_traits<char>, std::allocator<char> > >, std::equal_to<std::__cxx11::basic_string<char, std::char_traits<char>, std::allocator<char> > >, std::allocator<std::pair<std::__cxx11::basic_string<char, std::char_traits<char>, std::allocator<char> > const, knickknack_binary*> > >::~unordered_map()
 .text._ZNSt10_HashtableINSt7__cxx1112basic_stringIcSt11char_traitsIcESaIcEEESt4pairIKS5_P17knickknack_binaryESaISA_ENSt8__detail10_Select1stESt8equal_toIS5_ESt4hashIS5_ENSC_18_Mod_range_hashingENSC_20_Default_ranged_hashENSC_20_Prime_rehash_policyENSC_17_Hashtable_traitsILb1ELb0ELb1EEEE4findERS7_
                0x000000000200f5b0       0x78 api.o
                0x000000000200f5b0                std::_Hashtable<std::__cxx11::basic_string<char, std::char_traits<char>, std::allocator<char> >, std::pair<std::__cxx11::basic_string<char, std::char_traits<char>, std::allocator<char> > const, knickknack_binary*>, std::allocator<std::pair<std::__cxx11::basic_string<char, std::char_traits<char>, std::allocator<char> > const, knickknack_binary*> >, std::__detail::_Select1st, std::equal_to<std::__cxx11::basic_string<char, std::char_traits<char>, std::allocator<char> > >, std::hash<std::__cxx11::basic_string<char, std::char_traits<char>, std::allocator<char> > >, std::__detail::_Mod_range_hashing, std::__detail::_Default_ranged_hash, std::__detail::_Prime_rehash_policy, std::__detail::_Hashtable_traits<true, false, true> >::find(std::__cxx11::basic_string<char, std::char_traits<char>, std::allocator<char> > const&)
 .text._ZNSt8__detail9_Map_baseINSt7__cxx1112basic_stringIcSt11char_traitsIcESaIcEEESt4pairIKS6_P17knickknack_binaryESaISB_ENS_10_Select1stESt8equal_toIS6_ESt4hashIS6_ENS_18_Mod_range_hashingENS_20_Default_ranged_hashENS_20_Prime_rehash_policyENS_17_Hashtable_traitsILb1ELb0ELb1EEELb1EEixERS8_
                0x000000000200f628      0x238 api.o
                0x000000000200f628                std::__detail::_Map_base<std::__cxx11::basic_string<char, std::char_traits<char>, std::allocator<char> >, std::pair<std::__cxx11::basic_string<char, std::char_traits<char>, std::allocator<char> > const, knickknack_binary*>, std::allocator<std::pair<std::__cxx11::basic_string<char, std::char_traits<char>, std::allocator<char> > const, knickknack_binary*> >, std::__detail::_Select1st, std::equal_to<std::__cxx11::basic_string<char, std::char_traits<char>, std::allocator<char> > >, std::hash<std::__cxx11::basic_string<char, std::char_traits<char>, std::allocator<char> > >, std::__detail::_Mod_range_hashing, std::__detail::_Default_ranged_hash, std::__detail::_Prime_rehash_policy, std::__detail::_Hashtable_traits<true, false, true>, true>::operator[](std::__cxx11::basic_string<char, std::char_traits<char>, std::allocator<char> > const&)
 .text._ZNSt10_HashtableINSt7__cxx1112basic_stringIcSt11char_traitsIcESaIcEEESt4pairIKS5_PvESaIS9_ENSt8__detail10_Select1stESt8equal_toIS5_ESt4hashIS5_ENSB_18_Mod_range_hashingENSB_20_Default_ranged_hashENSB_20_Prime_rehash_policyENSB_17_Hashtable_traitsILb1ELb0ELb1EEEE4findERS7_
                0x000000000200f860       0x78 api.o
                0x000000000200f860                std::_Hashtable<std::__cxx11::basic_string<char, std::char_traits<char>, std::allocator<char> >, std::pair<std::__cxx11::basic_string<char, std::char_traits<char>, std::allocator<char> > const, void*>, std::allocator<std::pair<std::__cxx11::basic_string<char, std::char_traits<char>, std::allocator<char> > const, void*> >, std::__detail::_Select1st, std::equal_to<std::__cxx11::basic_string<char, std::char_traits<char>, std::allocator<char> > >, std::hash<std::__cxx11::basic_string<char, std::char_traits<char>, std::allocator<char> > >, std::__detail::_Mod_range_hashing, std::__detail::_Default_ranged_hash, std::__detail::_Prime_rehash_policy, std::__detail::_Hashtable_traits<true, false, true> >::find(std::__cxx11::basic_string<char, std::char_traits<char>, std::allocator<char> > const&)
 .text._ZNSt10_HashtableINSt7__cxx1112basic_stringIcSt11char_traitsIcESaIcEEESt4pairIKS5_S5_ESaIS8_ENSt8__detail10_Select1stESt8equal_toIS5_ESt4hashIS5_ENSA_18_Mod_range_hashingENSA_20_Default_ranged_hashENSA_20_Prime_rehash_policyENSA_17_Hashtable_traitsILb1ELb0ELb1EEEEC2IPKS8_EET_SP_jRKSF_RKSG_RKSH_RKSD_RKSB_RKS9_
                0x000000000200f8d8      0x35c api.o
                0x000000000200f8d8                std::_Hashtable<std::__cxx11::basic_string<char, std::char_traits<char>, std::allocator<char> >, std::pair<std::__cxx11::basic_string<char, std::char_traits<char>, std::allocator<char> > const, std::__cxx11::basic_string<char, std::char_traits<char>, std::allocator<char> > >, std::allocator<std::pair<std::__cxx11::basic_string<char, std::char_traits<char>, std::allocator<char> > const, std::__cxx11::basic_string<char, std::char_traits<char>, std::allocator<char> > > >, std::__detail::_Select1st, std::equal_to<std::__cxx11::basic_string<char, std::char_traits<char>, std::allocator<char> > >, std::hash<std::__cxx11::basic_string<char, std::char_traits<char>, std::allocator<char> > >, std::__detail::_Mod_range_hashing, std::__detail::_Default_ranged_hash, std::__detail::_Prime_rehash_policy, std::__detail::_Hashtable_traits<true, false, true> >::_Hashtable<std::pair<std::__cxx11::basic_string<char, std::char_traits<char>, std::allocator<char> > const, std::__cxx11::basic_string<char, std::char_traits<char>, std::allocator<char> > > const*>(std::pair<std::__cxx11::basic_string<char, std::char_traits<char>, std::allocator<char> > const, std::__cxx11::basic_string<char, std::char_traits<char>, std::allocator<char> > > const*, std::pair<std::__cxx11::basic_string<char, std::char_traits<char>, std::allocator<char> > const, std::__cxx11::basic_string<char, std::char_traits<char>, std::allocator<char> > > const*, unsigned int, std::hash<std::__cxx11::basic_string<char, std::char_traits<char>, std::allocator<char> > > const&, std::__detail::_Mod_range_hashing const&, std::__detail::_Default_ranged_hash const&, std::equal_to<std::__cxx11::basic_string<char, std::char_traits<char>, std::allocator<char> > > const&, std::__detail::_Select1st const&, std::allocator<std::pair<std::__cxx11::basic_string<char, std::char_traits<char>, std::allocator<char> > const, std::__cxx11::basic_string<char, std::char_traits<char>, std::allocator<char> > > > const&)
                0x000000000200f8d8                std::_Hashtable<std::__cxx11::basic_string<char, std::char_traits<char>, std::allocator<char> >, std::pair<std::__cxx11::basic_string<char, std::char_traits<char>, std::allocator<char> > const, std::__cxx11::basic_string<char, std::char_traits<char>, std::allocator<char> > >, std::allocator<std::pair<std::__cxx11::basic_string<char, std::char_traits<char>, std::allocator<char> > const, std::__cxx11::basic_string<char, std::char_traits<char>, std::allocator<char> > > >, std::__detail::_Select1st, std::equal_to<std::__cxx11::basic_string<char, std::char_traits<char>, std::allocator<char> > >, std::hash<std::__cxx11::basic_string<char, std::char_traits<char>, std::allocator<char> > >, std::__detail::_Mod_range_hashing, std::__detail::_Default_ranged_hash, std::__detail::_Prime_rehash_policy, std::__detail::_Hashtable_traits<true, false, true> >::_Hashtable<std::pair<std::__cxx11::basic_string<char, std::char_traits<char>, std::allocator<char> > const, std::__cxx11::basic_string<char, std::char_traits<char>, std::allocator<char> > > const*>(std::pair<std::__cxx11::basic_string<char, std::char_traits<char>, std::allocator<char> > const, std::__cxx11::basic_string<char, std::char_traits<char>, std::allocator<char> > > const*, std::pair<std::__cxx11::basic_string<char, std::char_traits<char>, std::allocator<char> > const, std::__cxx11::basic_string<char, std::char_traits<char>, std::allocator<char> > > const*, unsigned int, std::hash<std::__cxx11::basic_string<char, std::char_traits<char>, std::allocator<char> > > const&, std::__detail::_Mod_range_hashing const&, std::__detail::_Default_ranged_hash const&, std::equal_to<std::__cxx11::basic_string<char, std::char_traits<char>, std::allocator<char> > > const&, std::__detail::_Select1st const&, std::allocator<std::pair<std::__cxx11::basic_string<char, std::char_traits<char>, std::allocator<char> > const, std::__cxx11::basic_string<char, std::char_traits<char>, std::allocator<char> > > > const&)
 .text.startup  0x000000000200fc34      0x394 api.o
 .text._ZNSt10_HashtableINSt7__cxx1112basic_stringIcSt11char_traitsIcESaIcEEESt4pairIKS5_PvESaIS9_ENSt8__detail10_Select1stESt8equal_toIS5_ESt4hashIS5_ENSB_18_Mod_range_hashingENSB_20_Default_ranged_hashENSB_20_Prime_rehash_policyENSB_17_Hashtable_traitsILb1ELb0ELb1EEEE21_M_insert_unique_nodeEjjPNSB_10_Hash_nodeIS9_Lb1EEEj
                0x000000000200ffc8      0x14c api.o
                0x000000000200ffc8                std::_Hashtable<std::__cxx11::basic_string<char, std::char_traits<char>, std::allocator<char> >, std::pair<std::__cxx11::basic_string<char, std::char_traits<char>, std::allocator<char> > const, void*>, std::allocator<std::pair<std::__cxx11::basic_string<char, std::char_traits<char>, std::allocator<char> > const, void*> >, std::__detail::_Select1st, std::equal_to<std::__cxx11::basic_string<char, std::char_traits<char>, std::allocator<char> > >, std::hash<std::__cxx11::basic_string<char, std::char_traits<char>, std::allocator<char> > >, std::__detail::_Mod_range_hashing, std::__detail::_Default_ranged_hash, std::__detail::_Prime_rehash_policy, std::__detail::_Hashtable_traits<true, false, true> >::_M_insert_unique_node(unsigned int, unsigned int, std::__detail::_Hash_node<std::pair<std::__cxx11::basic_string<char, std::char_traits<char>, std::allocator<char> > const, void*>, true>*, unsigned int)
 .text._ZNSt8__detail9_Map_baseINSt7__cxx1112basic_stringIcSt11char_traitsIcESaIcEEESt4pairIKS6_PvESaISA_ENS_10_Select1stESt8equal_toIS6_ESt4hashIS6_ENS_18_Mod_range_hashingENS_20_Default_ranged_hashENS_20_Prime_rehash_policyENS_17_Hashtable_traitsILb1ELb0ELb1EEELb1EEixERS8_
                0x0000000002010114       0xfc api.o
                0x0000000002010114                std::__detail::_Map_base<std::__cxx11::basic_string<char, std::char_traits<char>, std::allocator<char> >, std::pair<std::__cxx11::basic_string<char, std::char_traits<char>, std::allocator<char> > const, void*>, std::allocator<std::pair<std::__cxx11::basic_string<char, std::char_traits<char>, std::allocator<char> > const, void*> >, std::__detail::_Select1st, std::equal_to<std::__cxx11::basic_string<char, std::char_traits<char>, std::allocator<char> > >, std::hash<std::__cxx11::basic_string<char, std::char_traits<char>, std::allocator<char> > >, std::__detail::_Mod_range_hashing, std::__detail::_Default_ranged_hash, std::__detail::_Prime_rehash_policy, std::__detail::_Hashtable_traits<true, false, true>, true>::operator[](std::__cxx11::basic_string<char, std::char_traits<char>, std::allocator<char> > const&)
 .text._ZNSt10_HashtableIP17knickknack_objectSt4pairIKS1_bESaIS4_ENSt8__detail10_Select1stESt8equal_toIS1_ESt4hashIS1_ENS6_18_Mod_range_hashingENS6_20_Default_ranged_hashENS6_20_Prime_rehash_policyENS6_17_Hashtable_traitsILb0ELb0ELb1EEEE21_M_insert_unique_nodeEjjPNS6_10_Hash_nodeIS4_Lb0EEEj
                0x0000000002010210      0x144 api.o
                0x0000000002010210                std::_Hashtable<knickknack_object*, std::pair<knickknack_object* const, bool>, std::allocator<std::pair<knickknack_object* const, bool> >, std::__detail::_Select1st, std::equal_to<knickknack_object*>, std::hash<knickknack_object*>, std::__detail::_Mod_range_hashing, std::__detail::_Default_ranged_hash, std::__detail::_Prime_rehash_policy, std::__detail::_Hashtable_traits<false, false, true> >::_M_insert_unique_node(unsigned int, unsigned int, std::__detail::_Hash_node<std::pair<knickknack_object* const, bool>, false>*, unsigned int)
 .text.startup  0x0000000002010354      0x78c std.o
 .text._ZNSt13unordered_mapINSt7__cxx1112basic_stringIcSt11char_traitsIcESaIcEEEPvSt4hashIS5_ESt8equal_toIS5_ESaISt4pairIKS5_S6_EEED2Ev
                0x0000000002010ae0       0x60 std.o
                0x0000000002010ae0                std::unordered_map<std::__cxx11::basic_string<char, std::char_traits<char>, std::allocator<char> >, void*, std::hash<std::__cxx11::basic_string<char, std::char_traits<char>, std::allocator<char> > >, std::equal_to<std::__cxx11::basic_string<char, std::char_traits<char>, std::allocator<char> > >, std::allocator<std::pair<std::__cxx11::basic_string<char, std::char_traits<char>, std::allocator<char> > const, void*> > >::~unordered_map()
                0x0000000002010ae0                std::unordered_map<std::__cxx11::basic_string<char, std::char_traits<char>, std::allocator<char> >, void*, std::hash<std::__cxx11::basic_string<char, std::char_traits<char>, std::allocator<char> > >, std::equal_to<std::__cxx11::basic_string<char, std::char_traits<char>, std::allocator<char> > >, std::allocator<std::pair<std::__cxx11::basic_string<char, std::char_traits<char>, std::allocator<char> > const, void*> > >::~unordered_map()
 .text._ZNSt6vectorIP17knickknack_objectSaIS1_EE17_M_realloc_insertIJRKS1_EEEvN9__gnu_cxx17__normal_iteratorIPS1_S3_EEDpOT_
                0x0000000002010b40       0xd8 std.o
                0x0000000002010b40                void std::vector<knickknack_object*, std::allocator<knickknack_object*> >::_M_realloc_insert<knickknack_object* const&>(__gnu_cxx::__normal_iterator<knickknack_object**, std::vector<knickknack_object*, std::allocator<knickknack_object*> > >, knickknack_object* const&)
 .text._ZNSt8__detail9_Map_baseINSt7__cxx1112basic_stringIcSt11char_traitsIcESaIcEEESt4pairIKS6_P17knickknack_objectESaISB_ENS_10_Select1stESt8equal_toIS6_ESt4hashIS6_ENS_18_Mod_range_hashingENS_20_Default_ranged_hashENS_20_Prime_rehash_policyENS_17_Hashtable_traitsILb1ELb0ELb1EEELb1EEixERS8_
                0x0000000002010c18      0x238 std.o
                0x0000000002010c18                std::__detail::_Map_base<std::__cxx11::basic_string<char, std::char_traits<char>, std::allocator<char> >, std::pair<std::__cxx11::basic_string<char, std::char_traits<char>, std::allocator<char> > const, knickknack_object*>, std::allocator<std::pair<std::__cxx11::basic_string<char, std::char_traits<char>, std::allocator<char> > const, knickknack_object*> >, std::__detail::_Select1st, std::equal_to<std::__cxx11::basic_string<char, std::char_traits<char>, std::allocator<char> > >, std::hash<std::__cxx11::basic_string<char, std::char_traits<char>, std::allocator<char> > >, std::__detail::_Mod_range_hashing, std::__detail::_Default_ranged_hash, std::__detail::_Prime_rehash_policy, std::__detail::_Hashtable_traits<true, false, true>, true>::operator[](std::__cxx11::basic_string<char, std::char_traits<char>, std::allocator<char> > const&)
 .text._ZNSt10_HashtableINSt7__cxx1112basic_stringIcSt11char_traitsIcESaIcEEESt4pairIKS5_P17knickknack_objectESaISA_ENSt8__detail10_Select1stESt8equal_toIS5_ESt4hashIS5_ENSC_18_Mod_range_hashingENSC_20_Default_ranged_hashENSC_20_Prime_rehash_policyENSC_17_Hashtable_traitsILb1ELb0ELb1EEEE4findERS7_
                0x0000000002010e50       0x78 std.o
                0x0000000002010e50                std::_Hashtable<std::__cxx11::basic_string<char, std::char_traits<char>, std::allocator<char> >, std::pair<std::__cxx11::basic_string<char, std::char_traits<char>, std::allocator<char> > const, knickknack_object*>, std::allocator<std::pair<std::__cxx11::basic_string<char, std::char_traits<char>, std::allocator<char> > const, knickknack_object*> >, std::__detail::_Select1st, std::equal_to<std::__cxx11::basic_string<char, std::char_traits<char>, std::allocator<char> > >, std::hash<std::__cxx11::basic_string<char, std::char_traits<char>, std::allocator<char> > >, std::__detail::_Mod_range_hashing, std::__detail::_Default_ranged_hash, std::__detail::_Prime_rehash_policy, std::__detail::_Hashtable_traits<true, false, true> >::find(std::__cxx11::basic_string<char, std::char_traits<char>, std::allocator<char> > const&)
 .text._ZNSt8__detail9_Map_baseIP17knickknack_objectSt4pairIKS2_bESaIS5_ENS_10_Select1stESt8equal_toIS2_ESt4hashIS2_ENS_18_Mod_range_hashingENS_20_Default_ranged_hashENS_20_Prime_rehash_policyENS_17_Hashtable_traitsILb0ELb0ELb1EEELb1EEixERS4_
                0x0000000002010ec8       0x84 std.o
                0x0000000002010ec8                std::__detail::_Map_base<knickknack_object*, std::pair<knickknack_object* const, bool>, std::allocator<std::pair<knickknack_object* const, bool> >, std::__detail::_Select1st, std::equal_to<knickknack_object*>, std::hash<knickknack_object*>, std::__detail::_Mod_range_hashing, std::__detail::_Default_ranged_hash, std::__detail::_Prime_rehash_policy, std::__detail::_Hashtable_traits<false, false, true>, true>::operator[](knickknack_object* const&)
 .text._ZNSt10_HashtableIP17knickknack_objectSt4pairIKS1_bESaIS4_ENSt8__detail10_Select1stESt8equal_toIS1_ESt4hashIS1_ENS6_18_Mod_range_hashingENS6_20_Default_ranged_hashENS6_20_Prime_rehash_policyENS6_17_Hashtable_traitsILb0ELb0ELb1EEEE8_M_eraseESt17integral_constantIbLb1EERS3_
                0x0000000002010f4c       0xdc std.o
                0x0000000002010f4c                std::_Hashtable<knickknack_object*, std::pair<knickknack_object* const, bool>, std::allocator<std::pair<knickknack_object* const, bool> >, std::__detail::_Select1st, std::equal_to<knickknack_object*>, std::hash<knickknack_object*>, std::__detail::_Mod_range_hashing, std::__detail::_Default_ranged_hash, std::__detail::_Prime_rehash_policy, std::__detail::_Hashtable_traits<false, false, true> >::_M_erase(std::integral_constant<bool, true>, knickknack_object* const&)
 .text._ZNSt10_HashtableINSt7__cxx1112basic_stringIcSt11char_traitsIcESaIcEEESt4pairIKS5_PvESaIS9_ENSt8__detail10_Select1stESt8equal_toIS5_ESt4hashIS5_ENSB_18_Mod_range_hashingENSB_20_Default_ranged_hashENSB_20_Prime_rehash_policyENSB_17_Hashtable_traitsILb1ELb0ELb1EEEEC2IPKS9_EET_SQ_jRKSG_RKSH_RKSI_RKSE_RKSC_RKSA_
                0x0000000002011028      0x2f4 std.o
                0x0000000002011028                std::_Hashtable<std::__cxx11::basic_string<char, std::char_traits<char>, std::allocator<char> >, std::pair<std::__cxx11::basic_string<char, std::char_traits<char>, std::allocator<char> > const, void*>, std::allocator<std::pair<std::__cxx11::basic_string<char, std::char_traits<char>, std::allocator<char> > const, void*> >, std::__detail::_Select1st, std::equal_to<std::__cxx11::basic_string<char, std::char_traits<char>, std::allocator<char> > >, std::hash<std::__cxx11::basic_string<char, std::char_traits<char>, std::allocator<char> > >, std::__detail::_Mod_range_hashing, std::__detail::_Default_ranged_hash, std::__detail::_Prime_rehash_policy, std::__detail::_Hashtable_traits<true, false, true> >::_Hashtable<std::pair<std::__cxx11::basic_string<char, std::char_traits<char>, std::allocator<char> > const, void*> const*>(std::pair<std::__cxx11::basic_string<char, std::char_traits<char>, std::allocator<char> > const, void*> const*, std::pair<std::__cxx11::basic_string<char, std::char_traits<char>, std::allocator<char> > const, void*> const*, unsigned int, std::hash<std::__cxx11::basic_string<char, std::char_traits<char>, std::allocator<char> > > const&, std::__detail::_Mod_range_hashing const&, std::__detail::_Default_ranged_hash const&, std::equal_to<std::__cxx11::basic_string<char, std::char_traits<char>, std::allocator<char> > > const&, std::__detail::_Select1st const&, std::allocator<std::pair<std::__cxx11::basic_string<char, std::char_traits<char>, std::allocator<char> > const, void*> > const&)
                0x0000000002011028                std::_Hashtable<std::__cxx11::basic_string<char, std::char_traits<char>, std::allocator<char> >, std::pair<std::__cxx11::basic_string<char, std::char_traits<char>, std::allocator<char> > const, void*>, std::allocator<std::pair<std::__cxx11::basic_string<char, std::char_traits<char>, std::allocator<char> > const, void*> >, std::__detail::_Select1st, std::equal_to<std::__cxx11::basic_string<char, std::char_traits<char>, std::allocator<char> > >, std::hash<std::__cxx11::basic_string<char, std::char_traits<char>, std::allocator<char> > >, std::__detail::_Mod_range_hashing, std::__detail::_Default_ranged_hash, std::__detail::_Prime_rehash_policy, std::__detail::_Hashtable_traits<true, false, true> >::_Hashtable<std::pair<std::__cxx11::basic_string<char, std::char_traits<char>, std::allocator<char> > const, void*> const*>(std::pair<std::__cxx11::basic_string<char, std::char_traits<char>, std::allocator<char> > const, void*> const*, std::pair<std::__cxx11::basic_string<char, std::char_traits<char>, std::allocator<char> > const, void*> const*, unsigned int, std::hash<std::__cxx11::basic_string<char, std::char_traits<char>, std::allocator<char> > > const&, std::__detail::_Mod_range_hashing const&, std::__detail::_Default_ranged_hash const&, std::equal_to<std::__cxx11::basic_string<char, std::char_traits<char>, std::allocator<char> > > const&, std::__detail::_Select1st const&, std::allocator<std::pair<std::__cxx11::basic_string<char, std::char_traits<char>, std::allocator<char> > const, void*> > const&)
 .text._ZNSt6vectorINSt7__cxx1112basic_stringIcSt11char_traitsIcESaIcEEESaIS5_EED2Ev
                0x000000000201131c       0x38 compiler.o
                0x000000000201131c                std::vector<std::__cxx11::basic_string<char, std::char_traits<char>, std::allocator<char> >, std::allocator<std::__cxx11::basic_string<char, std::char_traits<char>, std::allocator<char> > > >::~vector()
                0x000000000201131c                std::vector<std::__cxx11::basic_string<char, std::char_traits<char>, std::allocator<char> >, std::allocator<std::__cxx11::basic_string<char, std::char_traits<char>, std::allocator<char> > > >::~vector()
 .text._ZNSt13unordered_mapIPvSt5tupleIJP17knickknack_objectS0_S3_S3_EESt4hashIS0_ESt8equal_toIS0_ESaISt4pairIKS0_S4_EEED2Ev
                0x0000000002011354       0x3c compiler.o
                0x0000000002011354                std::unordered_map<void*, std::tuple<knickknack_object*, void*, knickknack_object*, knickknack_object*>, std::hash<void*>, std::equal_to<void*>, std::allocator<std::pair<void* const, std::tuple<knickknack_object*, void*, knickknack_object*, knickknack_object*> > > >::~unordered_map()
                0x0000000002011354                std::unordered_map<void*, std::tuple<knickknack_object*, void*, knickknack_object*, knickknack_object*>, std::hash<void*>, std::equal_to<void*>, std::allocator<std::pair<void* const, std::tuple<knickknack_object*, void*, knickknack_object*, knickknack_object*> > > >::~unordered_map()
 .text.startup  0x0000000002011390      0x6b0 compiler.o
 .text._ZNSt6vectorINSt7__cxx1112basic_stringIcSt11char_traitsIcESaIcEEESaIS5_EE17_M_realloc_insertIJRKS5_EEEvN9__gnu_cxx17__normal_iteratorIPS5_S7_EEDpOT_
                0x0000000002011a40      0x200 compiler.o
                0x0000000002011a40                void std::vector<std::__cxx11::basic_string<char, std::char_traits<char>, std::allocator<char> >, std::allocator<std::__cxx11::basic_string<char, std::char_traits<char>, std::allocator<char> > > >::_M_realloc_insert<std::__cxx11::basic_string<char, std::char_traits<char>, std::allocator<char> > const&>(__gnu_cxx::__normal_iterator<std::__cxx11::basic_string<char, std::char_traits<char>, std::allocator<char> >*, std::vector<std::__cxx11::basic_string<char, std::char_traits<char>, std::allocator<char> >, std::allocator<std::__cxx11::basic_string<char, std::char_traits<char>, std::allocator<char> > > > >, std::__cxx11::basic_string<char, std::char_traits<char>, std::allocator<char> > const&)
 .text._ZNKSt10_HashtableINSt7__cxx1112basic_stringIcSt11char_traitsIcESaIcEEES5_SaIS5_ENSt8__detail9_IdentityESt8equal_toIS5_ESt4hashIS5_ENS7_18_Mod_range_hashingENS7_20_Default_ranged_hashENS7_20_Prime_rehash_policyENS7_17_Hashtable_traitsILb1ELb1ELb1EEEE5countERKS5_
                0x0000000002011c40       0x9c compiler.o
                0x0000000002011c40                std::_Hashtable<std::__cxx11::basic_string<char, std::char_traits<char>, std::allocator<char> >, std::__cxx11::basic_string<char, std::char_traits<char>, std::allocator<char> >, std::allocator<std::__cxx11::basic_string<char, std::char_traits<char>, std::allocator<char> > >, std::__detail::_Identity, std::equal_to<std::__cxx11::basic_string<char, std::char_traits<char>, std::allocator<char> > >, std::hash<std::__cxx11::basic_string<char, std::char_traits<char>, std::allocator<char> > >, std::__detail::_Mod_range_hashing, std::__detail::_Default_ranged_hash, std::__detail::_Prime_rehash_policy, std::__detail::_Hashtable_traits<true, true, true> >::count(std::__cxx11::basic_string<char, std::char_traits<char>, std::allocator<char> > const&) const
 .text._ZNSt10_HashtableINSt7__cxx1112basic_stringIcSt11char_traitsIcESaIcEEESt4pairIKS5_jESaIS8_ENSt8__detail10_Select1stESt8equal_toIS5_ESt4hashIS5_ENSA_18_Mod_range_hashingENSA_20_Default_ranged_hashENSA_20_Prime_rehash_policyENSA_17_Hashtable_traitsILb1ELb0ELb1EEEE4findERS7_
                0x0000000002011cdc       0x78 compiler.o
                0x0000000002011cdc                std::_Hashtable<std::__cxx11::basic_string<char, std::char_traits<char>, std::allocator<char> >, std::pair<std::__cxx11::basic_string<char, std::char_traits<char>, std::allocator<char> > const, unsigned int>, std::allocator<std::pair<std::__cxx11::basic_string<char, std::char_traits<char>, std::allocator<char> > const, unsigned int> >, std::__detail::_Select1st, std::equal_to<std::__cxx11::basic_string<char, std::char_traits<char>, std::allocator<char> > >, std::hash<std::__cxx11::basic_string<char, std::char_traits<char>, std::allocator<char> > >, std::__detail::_Mod_range_hashing, std::__detail::_Default_ranged_hash, std::__detail::_Prime_rehash_policy, std::__detail::_Hashtable_traits<true, false, true> >::find(std::__cxx11::basic_string<char, std::char_traits<char>, std::allocator<char> > const&)
 .text._ZNSt8__detail9_Map_baseINSt7__cxx1112basic_stringIcSt11char_traitsIcESaIcEEESt4pairIKS6_jESaIS9_ENS_10_Select1stESt8equal_toIS6_ESt4hashIS6_ENS_18_Mod_range_hashingENS_20_Default_ranged_hashENS_20_Prime_rehash_policyENS_17_Hashtable_traitsILb1ELb0ELb1EEELb1EEixERS8_
                0x0000000002011d54      0x238 compiler.o
                0x0000000002011d54                std::__detail::_Map_base<std::__cxx11::basic_string<char, std::char_traits<char>, std::allocator<char> >, std::pair<std::__cxx11::basic_string<char, std::char_traits<char>, std::allocator<char> > const, unsigned int>, std::allocator<std::pair<std::__cxx11::basic_string<char, std::char_traits<char>, std::allocator<char> > const, unsigned int> >, std::__detail::_Select1st, std::equal_to<std::__cxx11::basic_string<char, std::char_traits<char>, std::allocator<char> > >, std::hash<std::__cxx11::basic_string<char, std::char_traits<char>, std::allocator<char> > >, std::__detail::_Mod_range_hashing, std::__detail::_Default_ranged_hash, std::__detail::_Prime_rehash_policy, std::__detail::_Hashtable_traits<true, false, true>, true>::operator[](std::__cxx11::basic_string<char, std::char_traits<char>, std::allocator<char> > const&)
 .text._ZNSt6vectorIjSaIjEE17_M_realloc_insertIJRKjEEEvN9__gnu_cxx17__normal_iteratorIPjS1_EEDpOT_
                0x0000000002011f8c       0xd8 compiler.o
                0x0000000002011f8c                void std::vector<unsigned int, std::allocator<unsigned int> >::_M_realloc_insert<unsigned int const&>(__gnu_cxx::__normal_iterator<unsigned int*, std::vector<unsigned int, std::allocator<unsigned int> > >, unsigned int const&)
 .text._ZNSt6vectorIPvSaIS0_EE17_M_realloc_insertIJRKS0_EEEvN9__gnu_cxx17__normal_iteratorIPS0_S2_EEDpOT_
                0x0000000002012064       0xd8 compiler.o
                0x0000000002012064                void std::vector<void*, std::allocator<void*> >::_M_realloc_insert<void* const&>(__gnu_cxx::__normal_iterator<void**, std::vector<void*, std::allocator<void*> > >, void* const&)
 .text._ZNSt8__detail9_Map_baseINSt7__cxx1112basic_stringIcSt11char_traitsIcESaIcEEESt4pairIKS6_S6_ESaIS9_ENS_10_Select1stESt8equal_toIS6_ESt4hashIS6_ENS_18_Mod_range_hashingENS_20_Default_ranged_hashENS_20_Prime_rehash_policyENS_17_Hashtable_traitsILb1ELb0ELb1EEELb1EEixERS8_
                0x000000000201213c      0x104 compiler.o
                0x000000000201213c                std::__detail::_Map_base<std::__cxx11::basic_string<char, std::char_traits<char>, std::allocator<char> >, std::pair<std::__cxx11::basic_string<char, std::char_traits<char>, std::allocator<char> > const, std::__cxx11::basic_string<char, std::char_traits<char>, std::allocator<char> > >, std::allocator<std::pair<std::__cxx11::basic_string<char, std::char_traits<char>, std::allocator<char> > const, std::__cxx11::basic_string<char, std::char_traits<char>, std::allocator<char> > > >, std::__detail::_Select1st, std::equal_to<std::__cxx11::basic_string<char, std::char_traits<char>, std::allocator<char> > >, std::hash<std::__cxx11::basic_string<char, std::char_traits<char>, std::allocator<char> > >, std::__detail::_Mod_range_hashing, std::__detail::_Default_ranged_hash, std::__detail::_Prime_rehash_policy, std::__detail::_Hashtable_traits<true, false, true>, true>::operator[](std::__cxx11::basic_string<char, std::char_traits<char>, std::allocator<char> > const&)
 .text._ZNSt6vectorISt5tupleIJjjNSt7__cxx1112basic_stringIcSt11char_traitsIcESaIcEEES6_EESaIS7_EE17_M_realloc_insertIJS7_EEEvN9__gnu_cxx17__normal_iteratorIPS7_S9_EEDpOT_
                0x0000000002012240      0x274 compiler.o
                0x0000000002012240                void std::vector<std::tuple<unsigned int, unsigned int, std::__cxx11::basic_string<char, std::char_traits<char>, std::allocator<char> >, std::__cxx11::basic_string<char, std::char_traits<char>, std::allocator<char> > >, std::allocator<std::tuple<unsigned int, unsigned int, std::__cxx11::basic_string<char, std::char_traits<char>, std::allocator<char> >, std::__cxx11::basic_string<char, std::char_traits<char>, std::allocator<char> > > > >::_M_realloc_insert<std::tuple<unsigned int, unsigned int, std::__cxx11::basic_string<char, std::char_traits<char>, std::allocator<char> >, std::__cxx11::basic_string<char, std::char_traits<char>, std::allocator<char> > > >(__gnu_cxx::__normal_iterator<std::tuple<unsigned int, unsigned int, std::__cxx11::basic_string<char, std::char_traits<char>, std::allocator<char> >, std::__cxx11::basic_string<char, std::char_traits<char>, std::allocator<char> > >*, std::vector<std::tuple<unsigned int, unsigned int, std::__cxx11::basic_string<char, std::char_traits<char>, std::allocator<char> >, std::__cxx11::basic_string<char, std::char_traits<char>, std::allocator<char> > >, std::allocator<std::tuple<unsigned int, unsigned int, std::__cxx11::basic_string<char, std::char_traits<char>, std::allocator<char> >, std::__cxx11::basic_string<char, std::char_traits<char>, std::allocator<char> > > > > >, std::tuple<unsigned int, unsigned int, std::__cxx11::basic_string<char, std::char_traits<char>, std::allocator<char> >, std::__cxx11::basic_string<char, std::char_traits<char>, std::allocator<char> > >&&)
 .text._ZNSt10_HashtableINSt7__cxx1112basic_stringIcSt11char_traitsIcESaIcEEESt4pairIKS5_St6vectorIjSaIjEEESaISB_ENSt8__detail10_Select1stESt8equal_toIS5_ESt4hashIS5_ENSD_18_Mod_range_hashingENSD_20_Default_ranged_hashENSD_20_Prime_rehash_policyENSD_17_Hashtable_traitsILb1ELb0ELb1EEEE21_M_insert_unique_nodeEjjPNSD_10_Hash_nodeISB_Lb1EEEj
                0x00000000020124b4      0x14c compiler.o
                0x00000000020124b4                std::_Hashtable<std::__cxx11::basic_string<char, std::char_traits<char>, std::allocator<char> >, std::pair<std::__cxx11::basic_string<char, std::char_traits<char>, std::allocator<char> > const, std::vector<unsigned int, std::allocator<unsigned int> > >, std::allocator<std::pair<std::__cxx11::basic_string<char, std::char_traits<char>, std::allocator<char> > const, std::vector<unsigned int, std::allocator<unsigned int> > > >, std::__detail::_Select1st, std::equal_to<std::__cxx11::basic_string<char, std::char_traits<char>, std::allocator<char> > >, std::hash<std::__cxx11::basic_string<char, std::char_traits<char>, std::allocator<char> > >, std::__detail::_Mod_range_hashing, std::__detail::_Default_ranged_hash, std::__detail::_Prime_rehash_policy, std::__detail::_Hashtable_traits<true, false, true> >::_M_insert_unique_node(unsigned int, unsigned int, std::__detail::_Hash_node<std::pair<std::__cxx11::basic_string<char, std::char_traits<char>, std::allocator<char> > const, std::vector<unsigned int, std::allocator<unsigned int> > >, true>*, unsigned int)
 .text._ZNSt8__detail9_Map_baseINSt7__cxx1112basic_stringIcSt11char_traitsIcESaIcEEESt4pairIKS6_St6vectorIjSaIjEEESaISC_ENS_10_Select1stESt8equal_toIS6_ESt4hashIS6_ENS_18_Mod_range_hashingENS_20_Default_ranged_hashENS_20_Prime_rehash_policyENS_17_Hashtable_traitsILb1ELb0ELb1EEELb1EEixERS8_
                0x0000000002012600      0x100 compiler.o
                0x0000000002012600                std::__detail::_Map_base<std::__cxx11::basic_string<char, std::char_traits<char>, std::allocator<char> >, std::pair<std::__cxx11::basic_string<char, std::char_traits<char>, std::allocator<char> > const, std::vector<unsigned int, std::allocator<unsigned int> > >, std::allocator<std::pair<std::__cxx11::basic_string<char, std::char_traits<char>, std::allocator<char> > const, std::vector<unsigned int, std::allocator<unsigned int> > > >, std::__detail::_Select1st, std::equal_to<std::__cxx11::basic_string<char, std::char_traits<char>, std::allocator<char> > >, std::hash<std::__cxx11::basic_string<char, std::char_traits<char>, std::allocator<char> > >, std::__detail::_Mod_range_hashing, std::__detail::_Default_ranged_hash, std::__detail::_Prime_rehash_policy, std::__detail::_Hashtable_traits<true, false, true>, true>::operator[](std::__cxx11::basic_string<char, std::char_traits<char>, std::allocator<char> > const&)
 .text._ZNSt6vectorIjSaIjEE17_M_realloc_insertIJjEEEvN9__gnu_cxx17__normal_iteratorIPjS1_EEDpOT_
                0x0000000002012700       0xd8 compiler.o
                0x0000000002012700                void std::vector<unsigned int, std::allocator<unsigned int> >::_M_realloc_insert<unsigned int>(__gnu_cxx::__normal_iterator<unsigned int*, std::vector<unsigned int, std::allocator<unsigned int> > >, unsigned int&&)
 .text._ZNSt10_HashtableIPvSt4pairIKS0_St5tupleIJP17knickknack_objectS0_S5_S5_EEESaIS7_ENSt8__detail10_Select1stESt8equal_toIS0_ESt4hashIS0_ENS9_18_Mod_range_hashingENS9_20_Default_ranged_hashENS9_20_Prime_rehash_policyENS9_17_Hashtable_traitsILb0ELb0ELb1EEEE21_M_insert_unique_nodeEjjPNS9_10_Hash_nodeIS7_Lb0EEEj
                0x00000000020127d8      0x144 compiler.o
                0x00000000020127d8                std::_Hashtable<void*, std::pair<void* const, std::tuple<knickknack_object*, void*, knickknack_object*, knickknack_object*> >, std::allocator<std::pair<void* const, std::tuple<knickknack_object*, void*, knickknack_object*, knickknack_object*> > >, std::__detail::_Select1st, std::equal_to<void*>, std::hash<void*>, std::__detail::_Mod_range_hashing, std::__detail::_Default_ranged_hash, std::__detail::_Prime_rehash_policy, std::__detail::_Hashtable_traits<false, false, true> >::_M_insert_unique_node(unsigned int, unsigned int, std::__detail::_Hash_node<std::pair<void* const, std::tuple<knickknack_object*, void*, knickknack_object*, knickknack_object*> >, false>*, unsigned int)
 .text._ZNSt8__detail9_Map_baseIPvSt4pairIKS1_St5tupleIJP17knickknack_objectS1_S6_S6_EEESaIS8_ENS_10_Select1stESt8equal_toIS1_ESt4hashIS1_ENS_18_Mod_range_hashingENS_20_Default_ranged_hashENS_20_Prime_rehash_policyENS_17_Hashtable_traitsILb0ELb0ELb1EEELb1EEixERS3_
                0x000000000201291c       0x88 compiler.o
                0x000000000201291c                std::__detail::_Map_base<void*, std::pair<void* const, std::tuple<knickknack_object*, void*, knickknack_object*, knickknack_object*> >, std::allocator<std::pair<void* const, std::tuple<knickknack_object*, void*, knickknack_object*, knickknack_object*> > >, std::__detail::_Select1st, std::equal_to<void*>, std::hash<void*>, std::__detail::_Mod_range_hashing, std::__detail::_Default_ranged_hash, std::__detail::_Prime_rehash_policy, std::__detail::_Hashtable_traits<false, false, true>, true>::operator[](void* const&)
 .text._ZNSt10_HashtableIP17knickknack_objectS1_SaIS1_ENSt8__detail9_IdentityESt8equal_toIS1_ESt4hashIS1_ENS3_18_Mod_range_hashingENS3_20_Default_ranged_hashENS3_20_Prime_rehash_policyENS3_17_Hashtable_traitsILb0ELb1ELb1EEEE21_M_insert_unique_nodeEjjPNS3_10_Hash_nodeIS1_Lb0EEEj
                0x00000000020129a4      0x144 compiler.o
                0x00000000020129a4                std::_Hashtable<knickknack_object*, knickknack_object*, std::allocator<knickknack_object*>, std::__detail::_Identity, std::equal_to<knickknack_object*>, std::hash<knickknack_object*>, std::__detail::_Mod_range_hashing, std::__detail::_Default_ranged_hash, std::__detail::_Prime_rehash_policy, std::__detail::_Hashtable_traits<false, true, true> >::_M_insert_unique_node(unsigned int, unsigned int, std::__detail::_Hash_node<knickknack_object*, false>*, unsigned int)
 .text._ZNSt10_HashtableIP17knickknack_objectS1_SaIS1_ENSt8__detail9_IdentityESt8equal_toIS1_ESt4hashIS1_ENS3_18_Mod_range_hashingENS3_20_Default_ranged_hashENS3_20_Prime_rehash_policyENS3_17_Hashtable_traitsILb0ELb1ELb1EEEE9_M_insertIRKS1_NS3_10_AllocNodeISaINS3_10_Hash_nodeIS1_Lb0EEEEEEEESt4pairINS3_14_Node_iteratorIS1_Lb1ELb0EEEbEOT_RKT0_St17integral_constantIbLb1EEj
                0x0000000002012ae8       0x90 compiler.o
                0x0000000002012ae8                std::pair<std::__detail::_Node_iterator<knickknack_object*, true, false>, bool> std::_Hashtable<knickknack_object*, knickknack_object*, std::allocator<knickknack_object*>, std::__detail::_Identity, std::equal_to<knickknack_object*>, std::hash<knickknack_object*>, std::__detail::_Mod_range_hashing, std::__detail::_Default_ranged_hash, std::__detail::_Prime_rehash_policy, std::__detail::_Hashtable_traits<false, true, true> >::_M_insert<knickknack_object* const&, std::__detail::_AllocNode<std::allocator<std::__detail::_Hash_node<knickknack_object*, false> > > >(knickknack_object* const&, std::__detail::_AllocNode<std::allocator<std::__detail::_Hash_node<knickknack_object*, false> > > const&, std::integral_constant<bool, true>, unsigned int)
 .text.startup  0x0000000002012b78      0x3b8 library.o
 .text._ZNSt13unordered_mapIP17knickknack_objectbSt4hashIS1_ESt8equal_toIS1_ESaISt4pairIKS1_bEEED2Ev
                0x0000000002012f30       0x3c gc.o
                0x0000000002012f30                std::unordered_map<knickknack_object*, bool, std::hash<knickknack_object*>, std::equal_to<knickknack_object*>, std::allocator<std::pair<knickknack_object* const, bool> > >::~unordered_map()
                0x0000000002012f30                std::unordered_map<knickknack_object*, bool, std::hash<knickknack_object*>, std::equal_to<knickknack_object*>, std::allocator<std::pair<knickknack_object* const, bool> > >::~unordered_map()
 .text.startup  0x0000000002012f6c      0x3e8 gc.o
 .text.fatMount
                0x0000000002013354       0xc4 C:/devkitPro/libnds/lib\libfat.a(libfat.o)
                0x0000000002013354                fatMount
 .text.fatInit  0x0000000002013418      0x140 C:/devkitPro/libnds/lib\libfat.a(libfat.o)
                0x0000000002013418                fatInit
 .text.fatInitDefault
                0x0000000002013558        0xc C:/devkitPro/libnds/lib\libfat.a(libfat.o)
                0x0000000002013558                fatInitDefault
 .text._FAT_check_position_for_next_cluster.isra.4.part.5
                0x0000000002013564       0x70 C:/devkitPro/libnds/lib\libfat.a(fatfile.o)
 .text._FAT_syncToDisc.part.6
                0x00000000020135d4       0xb8 C:/devkitPro/libnds/lib\libfat.a(fatfile.o)
 .text._FAT_file_extend_r
                0x000000000201368c      0x20c C:/devkitPro/libnds/lib\libfat.a(fatfile.o)
 .text._FAT_open_r
                0x0000000002013898      0x2d8 C:/devkitPro/libnds/lib\libfat.a(fatfile.o)
                0x0000000002013898                _FAT_open_r
 .text._FAT_close_r
                0x0000000002013b70       0x78 C:/devkitPro/libnds/lib\libfat.a(fatfile.o)
                0x0000000002013b70                _FAT_close_r
 .text._FAT_read_r
                0x0000000002013be8      0x388 C:/devkitPro/libnds/lib\libfat.a(fatfile.o)
                0x0000000002013be8                _FAT_read_r
 .text._FAT_write_r
                0x0000000002013f70      0x524 C:/devkitPro/libnds/lib\libfat.a(fatfile.o)
                0x0000000002013f70                _FAT_write_r
 .text._FAT_seek_r
                0x0000000002014494      0x1a0 C:/devkitPro/libnds/lib\libfat.a(fatfile.o)
                0x0000000002014494                _FAT_seek_r
 .text._FAT_fstat_r
                0x0000000002014634       0x8c C:/devkitPro/libnds/lib\libfat.a(fatfile.o)
                0x0000000002014634                _FAT_fstat_r
 .text._FAT_ftruncate_r
                0x00000000020146c0      0x16c C:/devkitPro/libnds/lib\libfat.a(fatfile.o)
                0x00000000020146c0                _FAT_ftruncate_r
 .text._FAT_fsync_r
                0x000000000201482c       0x44 C:/devkitPro/libnds/lib\libfat.a(fatfile.o)
                0x000000000201482c                _FAT_fsync_r
 .text._FAT_cache_getPage
                0x0000000002014870       0xfc C:/devkitPro/libnds/lib\libfat.a(cache.o)
 .text._FAT_cache_writePartialSector.part.3
                0x000000000201496c       0x44 C:/devkitPro/libnds/lib\libfat.a(cache.o)
 .text._FAT_cache_constructor
                0x00000000020149b0       0x90 C:/devkitPro/libnds/lib\libfat.a(cache.o)
                0x00000000020149b0                _FAT_cache_constructor
 .text._FAT_cache_readSectors
                0x0000000002014a40       0x64 C:/devkitPro/libnds/lib\libfat.a(cache.o)
                0x0000000002014a40                _FAT_cache_readSectors
 .text._FAT_cache_readPartialSector
                0x0000000002014aa4       0x40 C:/devkitPro/libnds/lib\libfat.a(cache.o)
                0x0000000002014aa4                _FAT_cache_readPartialSector
 .text._FAT_cache_readLittleEndianValue
                0x0000000002014ae4       0x70 C:/devkitPro/libnds/lib\libfat.a(cache.o)
                0x0000000002014ae4                _FAT_cache_readLittleEndianValue
 .text._FAT_cache_writePartialSector
                0x0000000002014b54       0x20 C:/devkitPro/libnds/lib\libfat.a(cache.o)
                0x0000000002014b54                _FAT_cache_writePartialSector
 .text._FAT_cache_writeLittleEndianValue
                0x0000000002014b74       0x40 C:/devkitPro/libnds/lib\libfat.a(cache.o)
                0x0000000002014b74                _FAT_cache_writeLittleEndianValue
 .text._FAT_cache_eraseWritePartialSector
                0x0000000002014bb4       0x68 C:/devkitPro/libnds/lib\libfat.a(cache.o)
                0x0000000002014bb4                _FAT_cache_eraseWritePartialSector
 .text._FAT_cache_writeSectors
                0x0000000002014c1c       0x74 C:/devkitPro/libnds/lib\libfat.a(cache.o)
                0x0000000002014c1c                _FAT_cache_writeSectors
 .text._FAT_cache_flush
                0x0000000002014c90       0x40 C:/devkitPro/libnds/lib\libfat.a(cache.o)
                0x0000000002014c90                _FAT_cache_flush
 .text._FAT_stat_r
                0x0000000002014cd0       0x90 C:/devkitPro/libnds/lib\libfat.a(fatdir.o)
                0x0000000002014cd0                _FAT_stat_r
 .text._FAT_link_r
                0x0000000002014d60        0xc C:/devkitPro/libnds/lib\libfat.a(fatdir.o)
                0x0000000002014d60                _FAT_link_r
 .text._FAT_unlink_r
                0x0000000002014d6c      0x19c C:/devkitPro/libnds/lib\libfat.a(fatdir.o)
                0x0000000002014d6c                _FAT_unlink_r
 .text._FAT_chdir_r
                0x0000000002014f08       0x70 C:/devkitPro/libnds/lib\libfat.a(fatdir.o)
                0x0000000002014f08                _FAT_chdir_r
 .text._FAT_rename_r
                0x0000000002014f78      0x1c4 C:/devkitPro/libnds/lib\libfat.a(fatdir.o)
                0x0000000002014f78                _FAT_rename_r
 .text._FAT_mkdir_r
                0x000000000201513c      0x22c C:/devkitPro/libnds/lib\libfat.a(fatdir.o)
                0x000000000201513c                _FAT_mkdir_r
 .text._FAT_statvfs_r
                0x0000000002015368       0x78 C:/devkitPro/libnds/lib\libfat.a(fatdir.o)
                0x0000000002015368                _FAT_statvfs_r
 .text._FAT_diropen_r
                0x00000000020153e0       0xb0 C:/devkitPro/libnds/lib\libfat.a(fatdir.o)
                0x00000000020153e0                _FAT_diropen_r
 .text._FAT_dirreset_r
                0x0000000002015490       0x4c C:/devkitPro/libnds/lib\libfat.a(fatdir.o)
                0x0000000002015490                _FAT_dirreset_r
 .text._FAT_dirnext_r
                0x00000000020154dc       0x7c C:/devkitPro/libnds/lib\libfat.a(fatdir.o)
                0x00000000020154dc                _FAT_dirnext_r
 .text._FAT_dirclose_r
                0x0000000002015558       0x20 C:/devkitPro/libnds/lib\libfat.a(fatdir.o)
                0x0000000002015558                _FAT_dirclose_r
 .text._FAT_directory_entryGetAlias
                0x0000000002015578       0xc8 C:/devkitPro/libnds/lib\libfat.a(directory.o)
 .text._FAT_directory_incrementDirEntryPosition
                0x0000000002015640       0x80 C:/devkitPro/libnds/lib\libfat.a(directory.o)
 .text._FAT_directory_mbsncasecmp
                0x00000000020156c0       0xa8 C:/devkitPro/libnds/lib\libfat.a(directory.o)
 .text._FAT_directory_entryGetCluster.part.5
                0x0000000002015768       0x18 C:/devkitPro/libnds/lib\libfat.a(directory.o)
 .text._FAT_directory_ucs2tombs.constprop.6
                0x0000000002015780       0x98 C:/devkitPro/libnds/lib\libfat.a(directory.o)
 .text._FAT_directory_entryGetCluster
                0x0000000002015818       0x1c C:/devkitPro/libnds/lib\libfat.a(directory.o)
                0x0000000002015818                _FAT_directory_entryGetCluster
 .text._FAT_directory_getNextEntry
                0x0000000002015834      0x1fc C:/devkitPro/libnds/lib\libfat.a(directory.o)
                0x0000000002015834                _FAT_directory_getNextEntry
 .text._FAT_directory_entryExists
                0x0000000002015a30       0x80 C:/devkitPro/libnds/lib\libfat.a(directory.o)
 .text._FAT_directory_getFirstEntry
                0x0000000002015ab0       0x20 C:/devkitPro/libnds/lib\libfat.a(directory.o)
                0x0000000002015ab0                _FAT_directory_getFirstEntry
 .text._FAT_directory_getRootEntry
                0x0000000002015ad0       0x60 C:/devkitPro/libnds/lib\libfat.a(directory.o)
                0x0000000002015ad0                _FAT_directory_getRootEntry
 .text._FAT_directory_entryFromPosition
                0x0000000002015b30      0x168 C:/devkitPro/libnds/lib\libfat.a(directory.o)
                0x0000000002015b30                _FAT_directory_entryFromPosition
 .text._FAT_directory_entryFromPath
                0x0000000002015c98      0x214 C:/devkitPro/libnds/lib\libfat.a(directory.o)
                0x0000000002015c98                _FAT_directory_entryFromPath
 .text._FAT_directory_removeEntry
                0x0000000002015eac       0xe0 C:/devkitPro/libnds/lib\libfat.a(directory.o)
                0x0000000002015eac                _FAT_directory_removeEntry
 .text._FAT_directory_addEntry
                0x0000000002015f8c      0x7e0 C:/devkitPro/libnds/lib\libfat.a(directory.o)
                0x0000000002015f8c                _FAT_directory_addEntry
 .text._FAT_directory_chdir
                0x000000000201676c       0x44 C:/devkitPro/libnds/lib\libfat.a(directory.o)
                0x000000000201676c                _FAT_directory_chdir
 .text._FAT_directory_entryStat
                0x00000000020167b0       0xdc C:/devkitPro/libnds/lib\libfat.a(directory.o)
                0x00000000020167b0                _FAT_directory_entryStat
 .text.isValidMBR
                0x000000000201688c       0x5c C:/devkitPro/libnds/lib\libfat.a(partition.o)
 .text._FAT_updateFS_INFO
                0x00000000020168e8       0x54 C:/devkitPro/libnds/lib\libfat.a(partition.o)
 .text._FAT_partition_createFSinfo.part.4
                0x000000000201693c       0x40 C:/devkitPro/libnds/lib\libfat.a(partition.o)
 .text._FAT_partition_readFSinfo.part.5
                0x000000000201697c       0x94 C:/devkitPro/libnds/lib\libfat.a(partition.o)
 .text.FindFirstValidPartition_buf
                0x0000000002016a10      0x11c C:/devkitPro/libnds/lib\libfat.a(partition.o)
                0x0000000002016a10                FindFirstValidPartition_buf
 .text._FAT_partition_constructor_buf
                0x0000000002016b2c      0x2d4 C:/devkitPro/libnds/lib\libfat.a(partition.o)
                0x0000000002016b2c                _FAT_partition_constructor_buf
 .text._FAT_partition_constructor
                0x0000000002016e00       0x40 C:/devkitPro/libnds/lib\libfat.a(partition.o)
                0x0000000002016e00                _FAT_partition_constructor
 .text._FAT_partition_getPartitionFromPath
                0x0000000002016e40       0x14 C:/devkitPro/libnds/lib\libfat.a(partition.o)
                0x0000000002016e40                _FAT_partition_getPartitionFromPath
 .text._FAT_partition_readFSinfo
                0x0000000002016e54       0x10 C:/devkitPro/libnds/lib\libfat.a(partition.o)
                0x0000000002016e54                _FAT_partition_readFSinfo
 .text._FAT_lock_init
                0x0000000002016e64        0x4 C:/devkitPro/libnds/lib\libfat.a(lock.o)
                0x0000000002016e64                _FAT_lock_init
 .text._FAT_lock
                0x0000000002016e68        0x4 C:/devkitPro/libnds/lib\libfat.a(lock.o)
                0x0000000002016e68                _FAT_lock
 .text._FAT_unlock
                0x0000000002016e6c        0x4 C:/devkitPro/libnds/lib\libfat.a(lock.o)
                0x0000000002016e6c                _FAT_unlock
 .text._FAT_filetime_getTimeFromRTC
                0x0000000002016e70       0x44 C:/devkitPro/libnds/lib\libfat.a(filetime.o)
                0x0000000002016e70                _FAT_filetime_getTimeFromRTC
 .text._FAT_filetime_getDateFromRTC
                0x0000000002016eb4       0x44 C:/devkitPro/libnds/lib\libfat.a(filetime.o)
                0x0000000002016eb4                _FAT_filetime_getDateFromRTC
 .text._FAT_filetime_to_time_t
                0x0000000002016ef8       0x38 C:/devkitPro/libnds/lib\libfat.a(filetime.o)
                0x0000000002016ef8                _FAT_filetime_to_time_t
 .text._FAT_fat_writeFatEntry.part.0
                0x0000000002016f30      0x134 C:/devkitPro/libnds/lib\libfat.a(file_allocation_table.o)
 .text._FAT_fat_nextCluster
                0x0000000002017064      0x104 C:/devkitPro/libnds/lib\libfat.a(file_allocation_table.o)
                0x0000000002017064                _FAT_fat_nextCluster
 .text._FAT_fat_clearLinks.part.1
                0x0000000002017168       0x60 C:/devkitPro/libnds/lib\libfat.a(file_allocation_table.o)
 .text._FAT_fat_linkFreeCluster
                0x00000000020171c8       0xa8 C:/devkitPro/libnds/lib\libfat.a(file_allocation_table.o)
                0x00000000020171c8                _FAT_fat_linkFreeCluster
 .text._FAT_fat_linkFreeClusterCleared
                0x0000000002017270       0x68 C:/devkitPro/libnds/lib\libfat.a(file_allocation_table.o)
                0x0000000002017270                _FAT_fat_linkFreeClusterCleared
 .text._FAT_fat_clearLinks
                0x00000000020172d8       0x18 C:/devkitPro/libnds/lib\libfat.a(file_allocation_table.o)
                0x00000000020172d8                _FAT_fat_clearLinks
 .text._FAT_fat_trimChain
                0x00000000020172f0       0xac C:/devkitPro/libnds/lib\libfat.a(file_allocation_table.o)
                0x00000000020172f0                _FAT_fat_trimChain
 .text._FAT_fat_lastCluster
                0x000000000201739c       0x34 C:/devkitPro/libnds/lib\libfat.a(file_allocation_table.o)
                0x000000000201739c                _FAT_fat_lastCluster
 .text._FAT_fat_freeClusterCount
                0x00000000020173d0       0x2c C:/devkitPro/libnds/lib\libfat.a(file_allocation_table.o)
                0x00000000020173d0                _FAT_fat_freeClusterCount
 .text.newRow   0x00000000020173fc       0xb4 C:/devkitPro/libnds/lib\libnds9.a(console.o)
 .text.consolePrintChar
                0x00000000020174b0       0xec C:/devkitPro/libnds/lib\libnds9.a(console.o)
                0x00000000020174b0                consolePrintChar
 .text.consoleCls
                0x000000000201759c       0xe0 C:/devkitPro/libnds/lib\libnds9.a(console.o)
 .text.consoleLoadFont
                0x000000000201767c      0x280 C:/devkitPro/libnds/lib\libnds9.a(console.o)
                0x000000000201767c                consoleLoadFont
 .text.consoleInit
                0x00000000020178fc      0x15c C:/devkitPro/libnds/lib\libnds9.a(console.o)
                0x00000000020178fc                consoleInit
 .text.consoleDemoInit
                0x0000000002017a58       0x40 C:/devkitPro/libnds/lib\libnds9.a(console.o)
                0x0000000002017a58                consoleDemoInit
 .text.con_write
                0x0000000002017a98      0x27c C:/devkitPro/libnds/lib\libnds9.a(console.o)
                0x0000000002017a98                con_write
 .text.scanKeys
                0x0000000002017d14       0x8c C:/devkitPro/libnds/lib\libnds9.a(keys.o)
                0x0000000002017d14                scanKeys
 .text.keysDown
                0x0000000002017da0       0x14 C:/devkitPro/libnds/lib\libnds9.a(keys.o)
                0x0000000002017da0                keysDown
 .text.dldiGetInternal
                0x0000000002017db4       0x34 C:/devkitPro/libnds/lib\libnds9.a(dldi.o)
                0x0000000002017db4                dldiGetInternal
 .text.get_io_dsisd
                0x0000000002017de8       0x24 C:/devkitPro/libnds/lib\libnds9.a(dldi.o)
                0x0000000002017de8                get_io_dsisd
 .text.initSystem
                0x0000000002017e0c      0x198 C:/devkitPro/libnds/lib\libnds9.a(initSystem.o)
                0x0000000002017e0c                initSystem
 .text.__libnds_gtod
                0x0000000002017fa4       0x28 C:/devkitPro/libnds/lib\libnds9.a(timeSupport.o)
                0x0000000002017fa4                __libnds_gtod
 .text.irqDummy
                0x0000000002017fcc        0x4 C:/devkitPro/libnds/lib\libnds9.a(interrupts.o)
                0x0000000002017fcc                irqDummy
 .text.irqSet   0x0000000002017fd0       0x6c C:/devkitPro/libnds/lib\libnds9.a(interrupts.o)
                0x0000000002017fd0                irqSet
 .text.irqInit  0x000000000201803c       0x50 C:/devkitPro/libnds/lib\libnds9.a(interrupts.o)
                0x000000000201803c                irqInit
 .text.irqEnable
                0x000000000201808c       0x64 C:/devkitPro/libnds/lib\libnds9.a(interrupts.o)
                0x000000000201808c                irqEnable
 .text.systemErrorExit
                0x00000000020180f0        0x4 C:/devkitPro/libnds/lib\libnds9.a(libnds_exit.arm.o)
                0x00000000020180f0                systemErrorExit
 *fill*         0x00000000020180f4        0x4 ff
 .text.__libnds_exit
                0x00000000020180f8       0x5c C:/devkitPro/libnds/lib\libnds9.a(libnds_exit.arm.o)
                0x00000000020180f8                __libnds_exit
 .text.fifo_waitBlock
                0x0000000002018154       0x80 C:/devkitPro/libnds/lib\libnds9.a(fifosystem.o)
 .text.fifo_queueBlock
                0x00000000020181d4       0x40 C:/devkitPro/libnds/lib\libnds9.a(fifosystem.o)
 .text.fifoInternalSendInterrupt
                0x0000000002018214       0xac C:/devkitPro/libnds/lib\libnds9.a(fifosystem.o)
 .text.fifoInternalSend.part.2
                0x00000000020182c0       0xd4 C:/devkitPro/libnds/lib\libnds9.a(fifosystem.o)
 .text.fifoGetValue32.part.3
                0x0000000002018394       0x74 C:/devkitPro/libnds/lib\libnds9.a(fifosystem.o)
 .text.fifoSetValue32Handler
                0x0000000002018408       0x78 C:/devkitPro/libnds/lib\libnds9.a(fifosystem.o)
                0x0000000002018408                fifoSetValue32Handler
 .text.fifoSendValue32
                0x0000000002018480       0x4c C:/devkitPro/libnds/lib\libnds9.a(fifosystem.o)
                0x0000000002018480                fifoSendValue32
 .text.fifoSendDatamsg
                0x00000000020184cc       0x90 C:/devkitPro/libnds/lib\libnds9.a(fifosystem.o)
                0x00000000020184cc                fifoSendDatamsg
 .text.fifoGetValue32
                0x000000000201855c       0x10 C:/devkitPro/libnds/lib\libnds9.a(fifosystem.o)
                0x000000000201855c                fifoGetValue32
 .text.fifoGetDatamsg
                0x000000000201856c      0x138 C:/devkitPro/libnds/lib\libnds9.a(fifosystem.o)
                0x000000000201856c                fifoGetDatamsg
 .text.fifoInternalRecvInterrupt
                0x00000000020186a4      0x3dc C:/devkitPro/libnds/lib\libnds9.a(fifosystem.o)
 .text.fifoSetDatamsgHandler
                0x0000000002018a80       0x9c C:/devkitPro/libnds/lib\libnds9.a(fifosystem.o)
                0x0000000002018a80                fifoSetDatamsgHandler
 .text.fifoCheckValue32
                0x0000000002018b1c       0x24 C:/devkitPro/libnds/lib\libnds9.a(fifosystem.o)
                0x0000000002018b1c                fifoCheckValue32
 .text.fifoInit
                0x0000000002018b40      0x104 C:/devkitPro/libnds/lib\libnds9.a(fifosystem.o)
                0x0000000002018b40                fifoInit
 .text.__libnds_mpu_setup
                0x0000000002018c44      0x174 C:/devkitPro/libnds/lib\libnds9.a(mpu_setup.o)
                0x0000000002018c44                __libnds_mpu_setup
 .text.memUncached
                0x0000000002018db8       0x20 C:/devkitPro/libnds/lib\libnds9.a(mpu_setup.o)
                0x0000000002018db8                memUncached
 .text.swiWaitForVBlank
                0x0000000002018dd8        0x8 C:/devkitPro/libnds/lib\libnds9.a(IntrWait.o)
                0x0000000002018dd8                swiWaitForVBlank
 .text.swiIntrWait
                0x0000000002018de0       0x70 C:/devkitPro/libnds/lib\libnds9.a(IntrWait.o)
                0x0000000002018de0                swiIntrWait
 .text.setCpuClock
                0x0000000002018e50       0x50 C:/devkitPro/libnds/lib\libnds9.a(cpu_clock.o)
                0x0000000002018e50                setCpuClock
 .text.swiSoftReset
                0x0000000002018ea0       0x2c C:/devkitPro/libnds/lib\libnds9.a(swiSoftReset.o)
                0x0000000002018ea0                swiSoftReset
 .text.checkIfText.part.0
                0x0000000002018ecc       0x40 C:/devkitPro/libnds/lib\libnds9.a(background.o)
 .text.bgUpdate
                0x0000000002018f0c      0x104 C:/devkitPro/libnds/lib\libnds9.a(background.o)
                0x0000000002018f0c                bgUpdate
 .text.bgInit_call
                0x0000000002019010      0x110 C:/devkitPro/libnds/lib\libnds9.a(background.o)
                0x0000000002019010                bgInit_call
 .text.bgInitSub_call
                0x0000000002019120       0xf4 C:/devkitPro/libnds/lib\libnds9.a(background.o)
                0x0000000002019120                bgInitSub_call
 .text.vramDefault
                0x0000000002019214       0xd0 C:/devkitPro/libnds/lib\libnds9.a(video.o)
                0x0000000002019214                vramDefault
 .text.systemValueHandler
                0x00000000020192e4       0x48 C:/devkitPro/libnds/lib\libnds9.a(system.o)
                0x00000000020192e4                systemValueHandler
 .text.systemMsgHandler
                0x000000000201932c       0x5c C:/devkitPro/libnds/lib\libnds9.a(system.o)
                0x000000000201932c                systemMsgHandler
 .text.powerOn  0x0000000002019388       0x2c C:/devkitPro/libnds/lib\libnds9.a(system.o)
                0x0000000002019388                powerOn
 .text.sinLutLookup
                0x00000000020193b4       0x3c C:/devkitPro/libnds/lib\libnds9.a(trig.o)
                0x00000000020193b4                sinLutLookup
 .text.sinLerp  0x00000000020193f0       0x44 C:/devkitPro/libnds/lib\libnds9.a(trig.o)
                0x00000000020193f0                sinLerp
 .text.cosLerp  0x0000000002019434       0x14 C:/devkitPro/libnds/lib\libnds9.a(trig.o)
                0x0000000002019434                cosLerp
 .text.DC_FlushRange
                0x0000000002019448       0x24 C:/devkitPro/libnds/lib\libnds9.a(dcache.o)
                0x0000000002019448                DC_FlushRange
 .text.swiDelay
                0x000000000201946c        0x4 C:/devkitPro/libnds/lib\libnds9.a(biosCalls.o)
                0x000000000201946c                swiDelay
 .text.__aeabi_atexit
                0x0000000002019470       0x14 c:/devkitpro/devkitarm/bin/../lib/gcc/arm-none-eabi/9.1.0/../../../../arm-none-eabi/lib/thumb\libstdc++.a(atexit_arm.o)
                0x0000000002019470                __aeabi_atexit
 .text._ZdlPv   0x0000000002019484        0xc c:/devkitpro/devkitarm/bin/../lib/gcc/arm-none-eabi/9.1.0/../../../../arm-none-eabi/lib/thumb\libstdc++.a(del_op.o)
                0x0000000002019484                operator delete(void*)
 .text._ZdlPvj  0x0000000002019490        0xc c:/devkitpro/devkitarm/bin/../lib/gcc/arm-none-eabi/9.1.0/../../../../arm-none-eabi/lib/thumb\libstdc++.a(del_ops.o)
                0x0000000002019490                operator delete(void*, unsigned int)
 .text._ZSt11_Hash_bytesPKvjj
                0x000000000201949c       0x90 c:/devkitpro/devkitarm/bin/../lib/gcc/arm-none-eabi/9.1.0/../../../../arm-none-eabi/lib/thumb\libstdc++.a(hash_bytes.o)
                0x000000000201949c                std::_Hash_bytes(void const*, unsigned int, unsigned int)